--------- beginning of /dev/log/main
D/DHCP    (   88): ===== DHCP message:
D/DHCP    (   88): op = BOOTREQUEST (1), htype = 1, hlen = 6, hops = 0
D/DHCP    (   88): xid = 0xff150000 secs = 0, flags = 0x8000 optlen = 14
D/DHCP    (   88): ciaddr = 0.0.0.0
D/DHCP    (   88): yiaddr = 0.0.0.0
D/DHCP    (   88): siaddr = 0.0.0.0
D/DHCP    (   88): giaddr = 0.0.0.0
D/DHCP    (   88): chaddr = { 08  00  27  e2  d6  61 }
D/DHCP    (   88): sname = ''
D/DHCP    (   88): file = ''
D/DHCP    (   88): op 53 len 1 { 01 } discover
D/DHCP    (   88): op 55 len 4 { 01  03  06  1c } 
D/DHCP    (   88): ===== DHCP message:
D/DHCP    (   88): op = BOOTREPLY (2), htype = 1, hlen = 6, hops = 0
D/DHCP    (   88): xid = 0xff150000 secs = 0, flags = 0x8000 optlen = 312
D/DHCP    (   88): ciaddr = 0.0.0.0
D/DHCP    (   88): yiaddr = 172.17.99.15
D/DHCP    (   88): siaddr = 172.17.99.4
D/DHCP    (   88): giaddr = 0.0.0.0
D/DHCP    (   88): chaddr = { 08  00  27  e2  d6  61 }
D/DHCP    (   88): sname = ''
D/DHCP    (   88): file = 'nox.pxe'
D/DHCP    (   88): op 53 len 1 { 02 } offer
D/DHCP    (   88): op 1 len 4 { ff  ff  ff  00 } 
D/DHCP    (   88): op 3 len 4 { ac  11  63  02 } 
D/DHCP    (   88): op 6 len 4 { c0  a8  01  01 } 
D/DHCP    (   88): op 51 len 4 { 00  01  51  80 } 
D/DHCP    (   88): op 54 len 4 { ac  11  63  02 } 
D/DHCP    (   88): --- dhcp offer (2) ---
D/DHCP    (   88): ip 172.17.99.15 gw 172.17.99.2 prefixLength 24
D/DHCP    (   88): dns1: 192.168.1.1
D/DHCP    (   88): server 172.17.99.2, lease 86400 seconds
D/DHCP    (   88): ===== DHCP message:
D/DHCP    (   88): op = BOOTREQUEST (1), htype = 1, hlen = 6, hops = 0
D/DHCP    (   88): xid = 0x00160000 secs = 0, flags = 0x8000 optlen = 26
D/DHCP    (   88): ciaddr = 0.0.0.0
D/DHCP    (   88): yiaddr = 0.0.0.0
D/DHCP    (   88): siaddr = 0.0.0.0
D/DHCP    (   88): giaddr = 0.0.0.0
D/DHCP    (   88): chaddr = { 08  00  27  e2  d6  61 }
D/DHCP    (   88): sname = ''
D/DHCP    (   88): file = ''
D/DHCP    (   88): op 53 len 1 { 03 } request
D/DHCP    (   88): op 55 len 4 { 01  03  06  1c } 
D/DHCP    (   88): op 50 len 4 { ac  11  63  0f } 
D/DHCP    (   88): op 54 len 4 { ac  11  63  02 } 
D/DHCP    (   88): ===== DHCP message:
D/DHCP    (   88): op = BOOTREPLY (2), htype = 1, hlen = 6, hops = 0
D/DHCP    (   88): xid = 0x00160000 secs = 0, flags = 0x8000 optlen = 312
D/DHCP    (   88): ciaddr = 172.17.99.15
D/DHCP    (   88): yiaddr = 172.17.99.15
D/DHCP    (   88): siaddr = 172.17.99.4
D/DHCP    (   88): giaddr = 0.0.0.0
D/DHCP    (   88): chaddr = { 08  00  27  e2  d6  61 }
D/DHCP    (   88): sname = ''
D/DHCP    (   88): file = 'nox.pxe'
D/DHCP    (   88): op 53 len 1 { 05 } ack
D/DHCP    (   88): op 1 len 4 { ff  ff  ff  00 } 
D/DHCP    (   88): op 3 len 4 { ac  11  63  02 } 
D/DHCP    (   88): op 6 len 4 { c0  a8  01  01 } 
D/DHCP    (   88): op 51 len 4 { 00  01  51  80 } 
D/DHCP    (   88): op 54 len 4 { ac  11  63  02 } 
D/DHCP    (   88): --- dhcp ack (5) ---
D/DHCP    (   88): ip 172.17.99.15 gw 172.17.99.2 prefixLength 24
D/DHCP    (   88): dns1: 192.168.1.1
D/DHCP    (   88): server 172.17.99.2, lease 86400 seconds
D/DHCP    (   88): configuring wlan0
D/NetUtils(   88): Don't create null default route on wlan0
--------- beginning of /dev/log/system
I/NOX     (   68): Starting NOX
D/        (  145): vbox_graph_mode=720x1280
E/vinput-seamless(  146): found PS2 device
E/vinput-seamless(  146): found seamless mouse device
D/dalvikvm(   98): Using executionMode 3
I/installd(  168): installd firing up
I/Vold    (  157): Vold 2.1 (the revenge) firing up
I/DEBUG   (  161): debuggerd: Sep  7 2017 16:04:41
E/Vold    (  157): failed to open /fstab.nox
E/Vold    (  157): Error reading configuration (No such file or directory)... continuing anyways
I/Netd    (  160): Netd 1.0 starting
W/InterfaceController(  160): Warning (dlopen failed: library "/system/lib/libnetcmdiface.so" not found) while opening the net interface command library
D/dalvikvm(   98): Trying to load lib libjavacore.so 0x0
I/SurfaceFlinger(  164): SurfaceFlinger is starting
D/dalvikvm(   98): Added shared lib libjavacore.so 0x0
I/SurfaceFlinger(  164): SurfaceFlinger's main thread ready to run. Initializing graphics H/W...
D/dalvikvm(   98): Trying to load lib libnativehelper.so 0x0
D/dalvikvm(   98): Added shared lib libnativehelper.so 0x0
D/dalvikvm(   98): No JNI_OnLoad found in libnativehelper.so 0x0, skipping init
I/mediaserver(  167): ServiceManager: 0xb784ad40
I/AudioFlinger(  167): Using default 3000 mSec as standby time.
I/CameraService(  167): CameraService started (pid=167)
E/cutils-trace(   98): Error opening trace file: No such file or directory (2)
D/libEGL  (  164): loaded /system/lib/egl/libEGL_adreno.so
D/        (  164): HostConnection::get() New Host Connection established 0xb8580830, tid 164
D/libEGL  (  164): loaded /system/lib/egl/libGLESv1_CM_adreno.so
D/libEGL  (  164): loaded /system/lib/egl/libGLESv2_adreno.so
E/SurfaceFlinger(  164): hwcomposer module not found
W/SurfaceFlinger(  164): getting VSYNC period from fb HAL: 16666666
W/SurfaceFlinger(  164): no suitable EGLConfig found, trying a simpler query
I/SurfaceFlinger(  164): EGL informations:
I/SurfaceFlinger(  164): vendor    : Android
I/SurfaceFlinger(  164): version   : 1.4 Android META-EGL
I/SurfaceFlinger(  164): extensions: EGL_KHR_get_all_proc_addresses EGL_ANDROID_presentation_time EGL_KHR_image_base 
I/SurfaceFlinger(  164): Client API: OpenGL_ES
I/SurfaceFlinger(  164): EGLSurface: 8-8-8-8, config=0x8
I/SurfaceFlinger(  164): OpenGL ES informations:
I/SurfaceFlinger(  164): vendor    : ARM
I/SurfaceFlinger(  164): renderer  : Mali-450 MP
I/SurfaceFlinger(  164): version   : OpenGL ES 2.0
I/SurfaceFlinger(  164): extensions: GL_EXT_debug_marker GL_OES_EGL_image GL_OES_EGL_image_external GL_OES_depth24 GL_OES_depth32 GL_OES_element_index_uint GL_OES_texture_float GL_OES_texture_float_linear GL_OES_compressed_paletted_texture GL_OES_compressed_ETC1_RGB8_texture GL_OES_depth_texture GL_EXT_texture_format_BGRA8888 GL_APPLE_texture_format_BGRA8888 GL_OES_texture_half_float GL_OES_texture_half_float_linear GL_OES_packed_depth_stencil GL_OES_vertex_half_float GL_OES_texture_npot GL_OES_rgb8_rgba8 GL_EXT_color_buffer_float ANDROID_gles_max_version_3_1 GL_OES_vertex_array_object
I/SurfaceFlinger(  164): GL_MAX_TEXTURE_SIZE = 16384
I/SurfaceFlinger(  164): GL_MAX_VIEWPORT_DIMS = 16384
E/cutils-trace(  164): Error opening trace file: No such file or directory (2)
D/SurfaceFlinger(  164): setOrientation, mFbdev=0xb8580de0, mFbDev->setOrientation=0xb6910d70, orientation=0
I/gralloc_nox(  164): setOrientation: orientation=0
D/SurfaceFlinger(  164): Screen acquired, type=0 flinger=0xb857e820
W/EmulatedCamera_Factory(  167):  camera socket connect is not connected, wait(1)...
D/EmulatedCamera_Factory(  167): threadLoop()...
D/EmulatedCamera_Factory(  167): Waiting for player
D/AndroidRuntime(  165): 
D/AndroidRuntime(  165): >>>>>> AndroidRuntime START com.android.internal.os.ZygoteInit <<<<<<
W/EmulatedCamera_Factory(  167):  camera socket connect is not connected, wait(2)...
D/AndroidRuntime(  165): CheckJNI is OFF
D/dalvikvm(  165): Using executionMode 2
D/dalvikvm(  165): Trying to load lib libjavacore.so 0x0
D/dalvikvm(  165): Added shared lib libjavacore.so 0x0
D/dalvikvm(  165): Trying to load lib libnativehelper.so 0x0
D/dalvikvm(  165): Added shared lib libnativehelper.so 0x0
D/dalvikvm(  165): No JNI_OnLoad found in libnativehelper.so 0x0, skipping init
W/EmulatedCamera_Factory(  167):  camera socket connect is not connected, wait(3)...
D/dalvikvm(  165): Note: class Landroid/app/ActivityManagerNative; has 179 unimplemented (abstract) methods
D/libEGL  (  248): loaded /system/lib/egl/libEGL_adreno.so
D/        (  248): HostConnection::get() New Host Connection established 0xb7782d70, tid 274
D/libEGL  (  248): loaded /system/lib/egl/libGLESv1_CM_adreno.so
D/libEGL  (  248): loaded /system/lib/egl/libGLESv2_adreno.so
E/cutils-trace(  248): Error opening trace file: No such file or directory (2)
D/        (  164): HostConnection::get() New Host Connection established 0xb858d6a0, tid 182
W/EmulatedCamera_Factory(  167):  camera socket connect is not connected, wait(4)...
V/NatController(  160): runCmd(/system/bin/iptables -F natctrl_FORWARD) res=0
V/NatController(  160): runCmd(/system/bin/iptables -A natctrl_FORWARD -j DROP) res=0
V/NatController(  160): runCmd(/system/bin/iptables -t nat -F natctrl_nat_POSTROUTING) res=0
V/NatController(  160): runCmd(/system/bin/ip rule flush) res=0
V/NatController(  160): runCmd(/system/bin/ip -6 rule flush) res=0
V/NatController(  160): runCmd(/system/bin/ip rule add from all lookup default prio 32767) res=0
V/NatController(  160): runCmd(/system/bin/ip rule add from all lookup main prio 32766) res=0
V/NatController(  160): runCmd(/system/bin/ip -6 rule add from all lookup default prio 32767) res=0
V/NatController(  160): runCmd(/system/bin/ip -6 rule add from all lookup main prio 32766) res=0
V/NatController(  160): runCmd(/system/bin/ip route flush cache) res=0
V/NatController(  160): runCmd(/system/bin/iptables -F natctrl_tether_counters) res=1
V/NatController(  160): runCmd(/system/bin/iptables -X natctrl_tether_counters) res=1
V/NatController(  160): runCmd(/system/bin/iptables -N natctrl_tether_counters) res=0
D/EmulatedCamera_Factory(  167): Player connected fd:16
E/memtrack(  165): Couldn't load memtrack module (No such file or directory)
E/android.os.Debug(  165): failed to load memtrack module: -2
D/        (  164): HostConnection::get() New Host Connection established 0xb858e210, tid 180
D/dalvikvm(   98): GC_FOR_ALLOC freed 886K, 44% free 1150K/2040K, paused 25ms, total 26ms
D/EmulatedCamera_Factory(  167):  camera socket connect is connected:16
D/EmulatedCamera_Factory(  167): createHostCameras
D/EmulatedCamera_HostClient(  167):  camera socket connect is already connected:16
D/EmulatedCamera_Camera(  167): Initialize
D/EmulatedCamera_HostClient(  167):  camera socket connect is already connected:16
D/EmulatedCamera_Camera(  167): Initialize
I/CameraService(  167): Loaded "Camera Module" camera module
I/AudioPolicyManagerBase(  167): loadAudioPolicyConfig() loaded /system/etc/audio_policy.conf
I/AudioFlinger(  167): loadHwModule() Loaded primary audio interface from NOX audio HW HAL (audio) handle 1
I/AudioFlinger(  167): HAL output buffer size 880 frames, normal mix buffer size 1056 frames
I/SamplingProfilerIntegration(  165): Profiling disabled.
I/AudioMixer(  167): found effect "Multichannel Downmix To Stereo" from The Android Open Source Project
E/MonoPipe(  167): Failed to fetch local time frequency when constructing a MonoPipe (res = -32).  getNextWriteTimestamp calls will be non-functional
D/dalvikvm(   98): GC_CONCURRENT freed 406K, 21% free 1773K/2220K, paused 12ms+2ms, total 79ms
D/dalvikvm(   98): GC_FOR_ALLOC freed 760K, 30% free 2284K/3244K, paused 48ms, total 48ms
D/dalvikvm(   98): GC_FOR_ALLOC freed 1009K, 35% free 2711K/4140K, paused 75ms, total 75ms
D/dalvikvm(   98): GC_FOR_ALLOC freed 1005K, 34% free 3101K/4652K, paused 15ms, total 16ms
D/MDnsDS  (  160): MDnsSdListener::Hander starting up
D/MDnsDS  (  160): MDnsSdListener starting to monitor
D/MDnsDS  (  160): Going to poll with pollCount 1
I/Zygote  (  165): Preloading classes...
E/cutils-trace(  165): Error opening trace file: No such file or directory (2)
D/dalvikvm(  165): GC_EXPLICIT freed 622K, 37% free 1101K/1728K, paused 0ms+0ms, total 11ms
D/dalvikvm(  165): GC_FOR_ALLOC freed 6K, 36% free 1117K/1728K, paused 7ms, total 8ms
D/dalvikvm(  165): GC_FOR_ALLOC freed <1K, 35% free 1155K/1768K, paused 39ms, total 39ms
D/dalvikvm(  165): GC_EXPLICIT freed <1K, 35% free 1166K/1768K, paused 0ms+0ms, total 5ms
D/dalvikvm(  165): GC_EXPLICIT freed 15K, 32% free 1209K/1768K, paused 0ms+0ms, total 19ms
D/dalvikvm(  165): GC_EXPLICIT freed 20K, 28% free 1274K/1768K, paused 5ms+1ms, total 17ms
D/dalvikvm(  165): GC_EXPLICIT freed 28K, 26% free 1309K/1768K, paused 1ms+2ms, total 16ms
D/dalvikvm(  165): GC_EXPLICIT freed 33K, 25% free 1331K/1768K, paused 1ms+1ms, total 18ms
D/dalvikvm(  165): GC_EXPLICIT freed 22K, 23% free 1370K/1768K, paused 1ms+5ms, total 90ms
D/dalvikvm(   98): GC_CONCURRENT freed 977K, 19% free 4184K/5128K, paused 10ms+16ms, total 243ms
D/dalvikvm(  165): GC_EXPLICIT freed 30K, 21% free 1401K/1768K, paused 1ms+0ms, total 7ms
D/dalvikvm(   98): GC_CONCURRENT freed 1334K, 21% free 4921K/6224K, paused 3ms+4ms, total 124ms
D/TextLayoutCache(  165): Using debug level = 0 - Debug Enabled = 0
I/dalvikvm(  165): threadid=1: recursive native library load attempt (/system/lib/libmedia_jni.so)
D/MtpDeviceJNI(  165): register_android_mtp_MtpDevice
I/dalvikvm(  165): threadid=1: recursive native library load attempt (/system/lib/libmedia_jni.so)
I/dalvikvm(  165): threadid=1: recursive native library load attempt (/system/lib/libmedia_jni.so)
I/dalvikvm(  165): threadid=1: recursive native library load attempt (/system/lib/libmedia_jni.so)
D/dalvikvm(  165): GC_EXPLICIT freed 9K, 19% free 1445K/1768K, paused 0ms+0ms, total 6ms
D/dalvikvm(   98): GC_CONCURRENT freed 706K, 11% free 6264K/6972K, paused 0ms+5ms, total 196ms
D/dalvikvm(   98): WAIT_FOR_CONCURRENT_GC blocked 60ms
D/dalvikvm(  165): GC_EXPLICIT freed 24K, 17% free 1483K/1768K, paused 1ms+2ms, total 32ms
D/dalvikvm(  165): WAIT_FOR_CONCURRENT_GC blocked 1ms
D/dalvikvm(  165): GC_EXPLICIT freed 15K, 14% free 1523K/1768K, paused 2ms+5ms, total 15ms
D/dalvikvm(   98): GC_CONCURRENT freed 2189K, 27% free 6103K/8312K, paused 5ms+95ms, total 179ms
D/dalvikvm(  165): GC_EXPLICIT freed 29K, 13% free 1549K/1768K, paused 0ms+1ms, total 8ms
D/dalvikvm(  165): GC_EXPLICIT freed 11K, 10% free 1600K/1768K, paused 2ms+2ms, total 23ms
E/EmojiFactory_jni(  165): Failed to load libemoji.so: dlopen failed: library "libemoji.so" not found
D/dalvikvm(  165): GC_EXPLICIT freed 37K, 3% free 1919K/1960K, paused 13ms+2ms, total 30ms
D/dalvikvm(   98): GC_CONCURRENT freed 731K, 23% free 6434K/8312K, paused 1ms+3ms, total 124ms
D/dalvikvm(  165): GC_EXPLICIT freed 34K, 2% free 1943K/1980K, paused 2ms+2ms, total 40ms
D/dalvikvm(  165): GC_EXPLICIT freed 29K, 2% free 1968K/2000K, paused 2ms+1ms, total 39ms
D/dalvikvm(  165): GC_EXPLICIT freed 37K, 2% free 1984K/2024K, paused 9ms+1ms, total 30ms
I/LibraryLoader(  165): loading: webviewchromium
I/LibraryLoader(  165): loaded: webviewchromium
D/dalvikvm(  165): GC_EXPLICIT freed 14K, 2% free 2027K/2048K, paused 1ms+1ms, total 10ms
D/dalvikvm(  165): GC_EXPLICIT freed 24K, 2% free 2056K/2084K, paused 1ms+2ms, total 30ms
D/dalvikvm(  165): GC_EXPLICIT freed 30K, 2% free 2085K/2120K, paused 5ms+23ms, total 82ms
D/dalvikvm(  165): GC_EXPLICIT freed 35K, 2% free 2104K/2144K, paused 2ms+1ms, total 11ms
D/dalvikvm(  165): GC_EXPLICIT freed 31K, 2% free 2134K/2168K, paused 4ms+4ms, total 40ms
D/dalvikvm(  165): GC_EXPLICIT freed 33K, 2% free 2155K/2192K, paused 3ms+1ms, total 47ms
D/dalvikvm(  165): GC_EXPLICIT freed 35K, 2% free 2173K/2212K, paused 1ms+1ms, total 22ms
D/dalvikvm(  165): GC_EXPLICIT freed 32K, 2% free 2215K/2248K, paused 1ms+11ms, total 31ms
W/Zygote  (  165): Class not found for preloading: java.lang.UnsafeByteSequence
D/dalvikvm(  165): GC_EXPLICIT freed 37K, 2% free 2234K/2276K, paused 8ms+6ms, total 36ms
D/dalvikvm(  165): GC_EXPLICIT freed 43K, 2% free 2247K/2292K, paused 2ms+6ms, total 98ms
D/dalvikvm(  165): GC_EXPLICIT freed 41K, 2% free 2261K/2304K, paused 1ms+1ms, total 11ms
I/System  (  165): Loaded time zone names for "" in 482ms (475ms in ICU)
I/System  (  165): Loaded time zone names for "en_US" in 113ms (103ms in ICU)
I/System  (  165): Loaded time zone names for "zh_CN" in 128ms (113ms in ICU)
D/dalvikvm(  165): GC_EXPLICIT freed 270K, 10% free 2474K/2748K, paused 2ms+1ms, total 18ms
D/dalvikvm(  165): GC_EXPLICIT freed 14K, 8% free 2534K/2748K, paused 1ms+25ms, total 64ms
D/dalvikvm(  165): GC_EXPLICIT freed 42K, 8% free 2547K/2748K, paused 2ms+4ms, total 33ms
D/dalvikvm(  165): GC_EXPLICIT freed 33K, 7% free 2568K/2748K, paused 5ms+19ms, total 75ms
D/dalvikvm(  165): GC_EXPLICIT freed 36K, 6% free 2586K/2748K, paused 1ms+2ms, total 21ms
I/Zygote  (  165): ...preloaded 2777 classes in 9044ms.
D/dalvikvm(  165): GC_EXPLICIT freed 25K, 6% free 2601K/2748K, paused 4ms+3ms, total 75ms
I/Zygote  (  165): Preloading resources...
W/Resources(  165): Preloaded drawable resource #0x1080096 (android:drawable/toast_frame) that varies with configuration!!
W/Resources(  165): Preloaded drawable resource #0x1080105 (android:drawable/btn_check_on_pressed_holo_light) that varies with configuration!!
W/Resources(  165): Preloaded drawable resource #0x1080104 (android:drawable/btn_check_on_pressed_holo_dark) that varies with configuration!!
D/dalvikvm(  165): GC_EXPLICIT freed 22K, 5% free 2631K/2748K, paused 1ms+1ms, total 79ms
W/Resources(  165): Preloaded drawable resource #0x1080102 (android:drawable/btn_check_on_holo_light) that varies with configuration!!
W/Resources(  165): Preloaded drawable resource #0x1080101 (android:drawable/btn_check_on_holo_dark) that varies with configuration!!
W/Resources(  165): Preloaded drawable resource #0x10800ff (android:drawable/btn_check_on_focused_holo_light) that varies with configuration!!
W/Resources(  165): Preloaded drawable resource #0x10800fe (android:drawable/btn_check_on_focused_holo_dark) that varies with configuration!!
W/Resources(  165): Preloaded drawable resource #0x10800fd (android:drawable/btn_check_on_disabled_holo_light) that varies with configuration!!
D/dalvikvm(  165): GC_EXPLICIT freed 72K, 5% free 2612K/2748K, paused 7ms+3ms, total 79ms
W/Resources(  165): Preloaded drawable resource #0x10800fc (android:drawable/btn_check_on_disabled_holo_dark) that varies with configuration!!
W/Resources(  165): Preloaded drawable resource #0x10800fb (android:drawable/btn_check_on_disabled_focused_holo_light) that varies with configuration!!
W/Resources(  165): Preloaded drawable resource #0x10800fa (android:drawable/btn_check_on_disabled_focused_holo_dark) that varies with configuration!!
W/Resources(  165): Preloaded drawable resource #0x10800f2 (android:drawable/btn_check_off_pressed_holo_light) that varies with configuration!!
W/Resources(  165): Preloaded drawable resource #0x10800f1 (android:drawable/btn_check_off_pressed_holo_dark) that varies with configuration!!
D/dalvikvm(  165): WAIT_FOR_CONCURRENT_GC blocked 1ms
D/dalvikvm(  165): GC_EXPLICIT freed 53K, 5% free 2612K/2748K, paused 2ms+5ms, total 57ms
W/Resources(  165): Preloaded drawable resource #0x10800ed (android:drawable/btn_check_off_holo_light) that varies with configuration!!
W/Resources(  165): Preloaded drawable resource #0x10800ec (android:drawable/btn_check_off_holo_dark) that varies with configuration!!
W/Resources(  165): Preloaded drawable resource #0x10800ea (android:drawable/btn_check_off_focused_holo_light) that varies with configuration!!
W/Resources(  165): Preloaded drawable resource #0x10800e9 (android:drawable/btn_check_off_focused_holo_dark) that varies with configuration!!
W/Resources(  165): Preloaded drawable resource #0x10800e8 (android:drawable/btn_check_off_disabled_holo_light) that varies with configuration!!
D/dalvikvm(  165): GC_EXPLICIT freed 53K, 5% free 2613K/2748K, paused 3ms+1ms, total 46ms
W/Resources(  165): Preloaded drawable resource #0x10800e7 (android:drawable/btn_check_off_disabled_holo_dark) that varies with configuration!!
W/Resources(  165): Preloaded drawable resource #0x10800e6 (android:drawable/btn_check_off_disabled_focused_holo_light) that varies with configuration!!
W/Resources(  165): Preloaded drawable resource #0x10800e5 (android:drawable/btn_check_off_disabled_focused_holo_dark) that varies with configuration!!
W/Resources(  165): Preloaded drawable resource #0x1080102 (android:drawable/btn_check_on_holo_light) that varies with configuration!!
W/Resources(  165): Preloaded drawable resource #0x10800ed (android:drawable/btn_check_off_holo_light) that varies with configuration!!
W/Resources(  165): Preloaded drawable resource #0x1080105 (android:drawable/btn_check_on_pressed_holo_light) that varies with configuration!!
W/Resources(  165): Preloaded drawable resource #0x10800f2 (android:drawable/btn_check_off_pressed_holo_light) that varies with configuration!!
W/Resources(  165): Preloaded drawable resource #0x10800ff (android:drawable/btn_check_on_focused_holo_light) that varies with configuration!!
W/Resources(  165): Preloaded drawable resource #0x10800ea (android:drawable/btn_check_off_focused_holo_light) that varies with configuration!!
W/Resources(  165): Preloaded drawable resource #0x10800ed (android:drawable/btn_check_off_holo_light) that varies with configuration!!
W/Resources(  165): Preloaded drawable resource #0x1080102 (android:drawable/btn_check_on_holo_light) that varies with configuration!!
W/Resources(  165): Preloaded drawable resource #0x10800fd (android:drawable/btn_check_on_disabled_holo_light) that varies with configuration!!
W/Resources(  165): Preloaded drawable resource #0x10800e8 (android:drawable/btn_check_off_disabled_holo_light) that varies with configuration!!
W/Resources(  165): Preloaded drawable resource #0x10800fb (android:drawable/btn_check_on_disabled_focused_holo_light) that varies with configuration!!
W/Resources(  165): Preloaded drawable resource #0x10800e6 (android:drawable/btn_check_off_disabled_focused_holo_light) that varies with configuration!!
W/Resources(  165): Preloaded drawable resource #0x10800e8 (android:drawable/btn_check_off_disabled_holo_light) that varies with configuration!!
W/Resources(  165): Preloaded drawable resource #0x10800fd (android:drawable/btn_check_on_disabled_holo_light) that varies with configuration!!
W/Resources(  165): Preloaded drawable resource #0x10800dc (android:drawable/btn_check_holo_light) that varies with configuration!!
D/dalvikvm(  165): GC_EXPLICIT freed 180K, 8% free 2618K/2832K, paused 1ms+4ms, total 21ms
W/Resources(  165): Preloaded drawable resource #0x1080101 (android:drawable/btn_check_on_holo_dark) that varies with configuration!!
W/Resources(  165): Preloaded drawable resource #0x10800ec (android:drawable/btn_check_off_holo_dark) that varies with configuration!!
W/Resources(  165): Preloaded drawable resource #0x1080104 (android:drawable/btn_check_on_pressed_holo_dark) that varies with configuration!!
W/Resources(  165): Preloaded drawable resource #0x10800f1 (android:drawable/btn_check_off_pressed_holo_dark) that varies with configuration!!
W/Resources(  165): Preloaded drawable resource #0x10800fe (android:drawable/btn_check_on_focused_holo_dark) that varies with configuration!!
W/Resources(  165): Preloaded drawable resource #0x10800e9 (android:drawable/btn_check_off_focused_holo_dark) that varies with configuration!!
W/Resources(  165): Preloaded drawable resource #0x10800ec (android:drawable/btn_check_off_holo_dark) that varies with configuration!!
W/Resources(  165): Preloaded drawable resource #0x1080101 (android:drawable/btn_check_on_holo_dark) that varies with configuration!!
W/Resources(  165): Preloaded drawable resource #0x10800fc (android:drawable/btn_check_on_disabled_holo_dark) that varies with configuration!!
W/Resources(  165): Preloaded drawable resource #0x10800e7 (android:drawable/btn_check_off_disabled_holo_dark) that varies with configuration!!
W/Resources(  165): Preloaded drawable resource #0x10800fa (android:drawable/btn_check_on_disabled_focused_holo_dark) that varies with configuration!!
W/Resources(  165): Preloaded drawable resource #0x10800e5 (android:drawable/btn_check_off_disabled_focused_holo_dark) that varies with configuration!!
W/Resources(  165): Preloaded drawable resource #0x10800e7 (android:drawable/btn_check_off_disabled_holo_dark) that varies with configuration!!
W/Resources(  165): Preloaded drawable resource #0x10800fc (android:drawable/btn_check_on_disabled_holo_dark) that varies with configuration!!
W/Resources(  165): Preloaded drawable resource #0x10800db (android:drawable/btn_check_holo_dark) that varies with configuration!!
D/dalvikvm(  165): WAIT_FOR_CONCURRENT_GC blocked 1ms
D/dalvikvm(  165): GC_EXPLICIT freed 152K, 8% free 2618K/2832K, paused 1ms+6ms, total 51ms
W/Resources(  165): Preloaded drawable resource #0x1080195 (android:drawable/btn_radio_on_pressed_holo_light) that varies with configuration!!
W/Resources(  165): Preloaded drawable resource #0x1080194 (android:drawable/btn_radio_on_pressed_holo_dark) that varies with configuration!!
W/Resources(  165): Preloaded drawable resource #0x1080192 (android:drawable/btn_radio_on_holo_light) that varies with configuration!!
W/Resources(  165): Preloaded drawable resource #0x1080191 (android:drawable/btn_radio_on_holo_dark) that varies with configuration!!
W/Resources(  165): Preloaded drawable resource #0x108018f (android:drawable/btn_radio_on_focused_holo_light) that varies with configuration!!
D/dalvikvm(  165): GC_EXPLICIT freed 55K, 8% free 2616K/2832K, paused 1ms+1ms, total 31ms
W/Resources(  165): Preloaded drawable resource #0x108018e (android:drawable/btn_radio_on_focused_holo_dark) that varies with configuration!!
W/Resources(  165): Preloaded drawable resource #0x108018d (android:drawable/btn_radio_on_disabled_holo_light) that varies with configuration!!
W/Resources(  165): Preloaded drawable resource #0x108018c (android:drawable/btn_radio_on_disabled_holo_dark) that varies with configuration!!
W/Resources(  165): Preloaded drawable resource #0x108018b (android:drawable/btn_radio_on_disabled_focused_holo_light) that varies with configuration!!
W/Resources(  165): Preloaded drawable resource #0x108018a (android:drawable/btn_radio_on_disabled_focused_holo_dark) that varies with configuration!!
D/dalvikvm(  165): GC_EXPLICIT freed 53K, 8% free 2617K/2832K, paused 1ms+1ms, total 22ms
W/Resources(  165): Preloaded drawable resource #0x1080187 (android:drawable/btn_radio_off_pressed_holo_light) that varies with configuration!!
W/Resources(  165): Preloaded drawable resource #0x1080186 (android:drawable/btn_radio_off_pressed_holo_dark) that varies with configuration!!
W/Resources(  165): Preloaded drawable resource #0x1080184 (android:drawable/btn_radio_off_holo_light) that varies with configuration!!
W/Resources(  165): Preloaded drawable resource #0x1080183 (android:drawable/btn_radio_off_holo_dark) that varies with configuration!!
W/Resources(  165): Preloaded drawable resource #0x1080181 (android:drawable/btn_radio_off_focused_holo_light) that varies with configuration!!
D/dalvikvm(  165): GC_EXPLICIT freed 53K, 8% free 2618K/2832K, paused 1ms+3ms, total 50ms
W/Resources(  165): Preloaded drawable resource #0x1080180 (android:drawable/btn_radio_off_focused_holo_dark) that varies with configuration!!
W/Resources(  165): Preloaded drawable resource #0x108017f (android:drawable/btn_radio_off_disabled_holo_light) that varies with configuration!!
W/Resources(  165): Preloaded drawable resource #0x108017e (android:drawable/btn_radio_off_disabled_holo_dark) that varies with configuration!!
W/Resources(  165): Preloaded drawable resource #0x108017d (android:drawable/btn_radio_off_disabled_focused_holo_light) that varies with configuration!!
W/Resources(  165): Preloaded drawable resource #0x108017c (android:drawable/btn_radio_off_disabled_focused_holo_dark) that varies with configuration!!
D/dalvikvm(  165): GC_EXPLICIT freed 53K, 8% free 2619K/2832K, paused 1ms+1ms, total 45ms
W/Resources(  165): Preloaded drawable resource #0x1080128 (android:drawable/btn_default_pressed_holo_light) that varies with configuration!!
W/Resources(  165): Preloaded drawable resource #0x1080127 (android:drawable/btn_default_pressed_holo_dark) that varies with configuration!!
W/Resources(  165): Preloaded drawable resource #0x1080124 (android:drawable/btn_default_normal_holo_light) that varies with configuration!!
W/Resources(  165): Preloaded drawable resource #0x1080123 (android:drawable/btn_default_normal_holo_dark) that varies with configuration!!
W/Resources(  165): Preloaded drawable resource #0x108011c (android:drawable/btn_default_focused_holo_light) that varies with configuration!!
W/Resources(  165): Preloaded drawable resource #0x108011b (android:drawable/btn_default_focused_holo_dark) that varies with configuration!!
D/dalvikvm(  165): GC_EXPLICIT freed 9K, 6% free 2664K/2832K, paused 1ms+1ms, total 20ms
W/Resources(  165): Preloaded drawable resource #0x1080119 (android:drawable/btn_default_disabled_holo_light) that varies with configuration!!
W/Resources(  165): Preloaded drawable resource #0x1080118 (android:drawable/btn_default_disabled_holo_dark) that varies with configuration!!
W/Resources(  165): Preloaded drawable resource #0x1080116 (android:drawable/btn_default_disabled_focused_holo_light) that varies with configuration!!
W/Resources(  165): Preloaded drawable resource #0x1080115 (android:drawable/btn_default_disabled_focused_holo_dark) that varies with configuration!!
W/Resources(  165): Preloaded drawable resource #0x1080123 (android:drawable/btn_default_normal_holo_dark) that varies with configuration!!
W/Resources(  165): Preloaded drawable resource #0x1080118 (android:drawable/btn_default_disabled_holo_dark) that varies with configuration!!
W/Resources(  165): Preloaded drawable resource #0x1080127 (android:drawable/btn_default_pressed_holo_dark) that varies with configuration!!
W/Resources(  165): Preloaded drawable resource #0x108011b (android:drawable/btn_default_focused_holo_dark) that varies with configuration!!
W/Resources(  165): Preloaded drawable resource #0x1080123 (android:drawable/btn_default_normal_holo_dark) that varies with configuration!!
W/Resources(  165): Preloaded drawable resource #0x1080115 (android:drawable/btn_default_disabled_focused_holo_dark) that varies with configuration!!
W/Resources(  165): Preloaded drawable resource #0x1080118 (android:drawable/btn_default_disabled_holo_dark) that varies with configuration!!
W/Resources(  165): Preloaded drawable resource #0x108011d (android:drawable/btn_default_holo_dark) that varies with configuration!!
D/dalvikvm(  165): GC_EXPLICIT freed 55K, 5% free 2712K/2832K, paused 6ms+2ms, total 58ms
W/Resources(  165): Preloaded drawable resource #0x1080124 (android:drawable/btn_default_normal_holo_light) that varies with configuration!!
W/Resources(  165): Preloaded drawable resource #0x1080119 (android:drawable/btn_default_disabled_holo_light) that varies with configuration!!
W/Resources(  165): Preloaded drawable resource #0x1080128 (android:drawable/btn_default_pressed_holo_light) that varies with configuration!!
W/Resources(  165): Preloaded drawable resource #0x108011c (android:drawable/btn_default_focused_holo_light) that varies with configuration!!
W/Resources(  165): Preloaded drawable resource #0x1080124 (android:drawable/btn_default_normal_holo_light) that varies with configuration!!
W/Resources(  165): Preloaded drawable resource #0x1080116 (android:drawable/btn_default_disabled_focused_holo_light) that varies with configuration!!
W/Resources(  165): Preloaded drawable resource #0x1080119 (android:drawable/btn_default_disabled_holo_light) that varies with configuration!!
W/Resources(  165): Preloaded drawable resource #0x108011e (android:drawable/btn_default_holo_light) that varies with configuration!!
D/dalvikvm(  165): GC_EXPLICIT freed 103K, 6% free 2674K/2832K, paused 6ms+1ms, total 65ms
W/Resources(  165): Preloaded drawable resource #0x10801d1 (android:drawable/btn_star_off_normal_holo_light) that varies with configuration!!
W/Resources(  165): Preloaded drawable resource #0x10801db (android:drawable/btn_star_on_normal_holo_light) that varies with configuration!!
W/Resources(  165): Preloaded drawable resource #0x10801d7 (android:drawable/btn_star_on_disabled_holo_light) that varies with configuration!!
W/Resources(  165): Preloaded drawable resource #0x10801cd (android:drawable/btn_star_off_disabled_holo_light) that varies with configuration!!
W/Resources(  165): Preloaded drawable resource #0x10801dd (android:drawable/btn_star_on_pressed_holo_light) that varies with configuration!!
D/dalvikvm(  165): GC_EXPLICIT freed 106K, 8% free 2622K/2832K, paused 4ms+15ms, total 70ms
W/Resources(  165): Preloaded drawable resource #0x10801d3 (android:drawable/btn_star_off_pressed_holo_light) that varies with configuration!!
W/Resources(  165): Preloaded drawable resource #0x10801d9 (android:drawable/btn_star_on_focused_holo_light) that varies with configuration!!
W/Resources(  165): Preloaded drawable resource #0x10801cf (android:drawable/btn_star_off_focused_holo_light) that varies with configuration!!
W/Resources(  165): Preloaded drawable resource #0x10801d5 (android:drawable/btn_star_on_disabled_focused_holo_light) that varies with configuration!!
W/Resources(  165): Preloaded drawable resource #0x10801cb (android:drawable/btn_star_off_disabled_focused_holo_light) that varies with configuration!!
D/dalvikvm(  165): GC_EXPLICIT freed 54K, 8% free 2623K/2832K, paused 2ms+3ms, total 68ms
W/Resources(  165): Preloaded drawable resource #0x10801d1 (android:drawable/btn_star_off_normal_holo_light) that varies with configuration!!
W/Resources(  165): Preloaded drawable resource #0x10801db (android:drawable/btn_star_on_normal_holo_light) that varies with configuration!!
W/Resources(  165): Preloaded drawable resource #0x10801d7 (android:drawable/btn_star_on_disabled_holo_light) that varies with configuration!!
W/Resources(  165): Preloaded drawable resource #0x10801cd (android:drawable/btn_star_off_disabled_holo_light) that varies with configuration!!
W/Resources(  165): Preloaded drawable resource #0x10801dd (android:drawable/btn_star_on_pressed_holo_light) that varies with configuration!!
W/Resources(  165): Preloaded drawable resource #0x10801d3 (android:drawable/btn_star_off_pressed_holo_light) that varies with configuration!!
W/Resources(  165): Preloaded drawable resource #0x10801d9 (android:drawable/btn_star_on_focused_holo_light) that varies with configuration!!
W/Resources(  165): Preloaded drawable resource #0x10801cf (android:drawable/btn_star_off_focused_holo_light) that varies with configuration!!
W/Resources(  165): Preloaded drawable resource #0x10801d5 (android:drawable/btn_star_on_disabled_focused_holo_light) that varies with configuration!!
W/Resources(  165): Preloaded drawable resource #0x10801d7 (android:drawable/btn_star_on_disabled_holo_light) that varies with configuration!!
W/Resources(  165): Preloaded drawable resource #0x10801cb (android:drawable/btn_star_off_disabled_focused_holo_light) that varies with configuration!!
W/Resources(  165): Preloaded drawable resource #0x10801cd (android:drawable/btn_star_off_disabled_holo_light) that varies with configuration!!
W/Resources(  165): Preloaded drawable resource #0x10801d1 (android:drawable/btn_star_off_normal_holo_light) that varies with configuration!!
W/Resources(  165): Preloaded drawable resource #0x10801db (android:drawable/btn_star_on_normal_holo_light) that varies with configuration!!
W/Resources(  165): Preloaded drawable resource #0x10801c8 (android:drawable/btn_star_holo_light) that varies with configuration!!
D/dalvikvm(  165): GC_EXPLICIT freed 149K, 8% free 2626K/2832K, paused 4ms+5ms, total 36ms
W/Resources(  165): Preloaded drawable resource #0x10801d0 (android:drawable/btn_star_off_normal_holo_dark) that varies with configuration!!
W/Resources(  165): Preloaded drawable resource #0x10801da (android:drawable/btn_star_on_normal_holo_dark) that varies with configuration!!
W/Resources(  165): Preloaded drawable resource #0x10801d6 (android:drawable/btn_star_on_disabled_holo_dark) that varies with configuration!!
W/Resources(  165): Preloaded drawable resource #0x10801cc (android:drawable/btn_star_off_disabled_holo_dark) that varies with configuration!!
W/Resources(  165): Preloaded drawable resource #0x10801dc (android:drawable/btn_star_on_pressed_holo_dark) that varies with configuration!!
D/dalvikvm(  165): WAIT_FOR_CONCURRENT_GC blocked 1ms
D/dalvikvm(  165): GC_EXPLICIT freed 56K, 8% free 2624K/2832K, paused 2ms+3ms, total 37ms
W/Resources(  165): Preloaded drawable resource #0x10801d2 (android:drawable/btn_star_off_pressed_holo_dark) that varies with configuration!!
W/Resources(  165): Preloaded drawable resource #0x10801d8 (android:drawable/btn_star_on_focused_holo_dark) that varies with configuration!!
W/Resources(  165): Preloaded drawable resource #0x10801ce (android:drawable/btn_star_off_focused_holo_dark) that varies with configuration!!
W/Resources(  165): Preloaded drawable resource #0x10801d4 (android:drawable/btn_star_on_disabled_focused_holo_dark) that varies with configuration!!
W/Resources(  165): Preloaded drawable resource #0x10801ca (android:drawable/btn_star_off_disabled_focused_holo_dark) that varies with configuration!!
D/dalvikvm(  165): GC_EXPLICIT freed 53K, 8% free 2625K/2832K, paused 2ms+9ms, total 62ms
W/Resources(  165): Preloaded drawable resource #0x10801d0 (android:drawable/btn_star_off_normal_holo_dark) that varies with configuration!!
W/Resources(  165): Preloaded drawable resource #0x10801da (android:drawable/btn_star_on_normal_holo_dark) that varies with configuration!!
W/Resources(  165): Preloaded drawable resource #0x10801d6 (android:drawable/btn_star_on_disabled_holo_dark) that varies with configuration!!
W/Resources(  165): Preloaded drawable resource #0x10801cc (android:drawable/btn_star_off_disabled_holo_dark) that varies with configuration!!
W/Resources(  165): Preloaded drawable resource #0x10801dc (android:drawable/btn_star_on_pressed_holo_dark) that varies with configuration!!
W/Resources(  165): Preloaded drawable resource #0x10801d2 (android:drawable/btn_star_off_pressed_holo_dark) that varies with configuration!!
W/Resources(  165): Preloaded drawable resource #0x10801d8 (android:drawable/btn_star_on_focused_holo_dark) that varies with configuration!!
W/Resources(  165): Preloaded drawable resource #0x10801ce (android:drawable/btn_star_off_focused_holo_dark) that varies with configuration!!
W/Resources(  165): Preloaded drawable resource #0x10801d4 (android:drawable/btn_star_on_disabled_focused_holo_dark) that varies with configuration!!
W/Resources(  165): Preloaded drawable resource #0x10801d6 (android:drawable/btn_star_on_disabled_holo_dark) that varies with configuration!!
W/Resources(  165): Preloaded drawable resource #0x10801ca (android:drawable/btn_star_off_disabled_focused_holo_dark) that varies with configuration!!
W/Resources(  165): Preloaded drawable resource #0x10801cc (android:drawable/btn_star_off_disabled_holo_dark) that varies with configuration!!
W/Resources(  165): Preloaded drawable resource #0x10801d0 (android:drawable/btn_star_off_normal_holo_dark) that varies with configuration!!
W/Resources(  165): Preloaded drawable resource #0x10801da (android:drawable/btn_star_on_normal_holo_dark) that varies with configuration!!
W/Resources(  165): Preloaded drawable resource #0x10801c7 (android:drawable/btn_star_holo_dark) that varies with configuration!!
D/dalvikvm(  165): GC_EXPLICIT freed 149K, 8% free 2628K/2832K, paused 1ms+2ms, total 21ms
W/Resources(  165): Preloaded drawable resource #0x10801f7 (android:drawable/btn_toggle_on_pressed_holo_light) that varies with configuration!!
W/Resources(  165): Preloaded drawable resource #0x10801f6 (android:drawable/btn_toggle_on_pressed_holo_dark) that varies with configuration!!
W/Resources(  165): Preloaded drawable resource #0x10801f5 (android:drawable/btn_toggle_on_normal_holo_light) that varies with configuration!!
W/Resources(  165): Preloaded drawable resource #0x10801f4 (android:drawable/btn_toggle_on_normal_holo_dark) that varies with configuration!!
W/Resources(  165): Preloaded drawable resource #0x10801f3 (android:drawable/btn_toggle_on_focused_holo_light) that varies with configuration!!
W/Resources(  165): Preloaded drawable resource #0x10801f2 (android:drawable/btn_toggle_on_focused_holo_dark) that varies with configuration!!
D/dalvikvm(  165): GC_EXPLICIT freed 12K, 6% free 2671K/2832K, paused 4ms+1ms, total 63ms
W/Resources(  165): Preloaded drawable resource #0x10801f1 (android:drawable/btn_toggle_on_disabled_holo_light) that varies with configuration!!
W/Resources(  165): Preloaded drawable resource #0x10801f0 (android:drawable/btn_toggle_on_disabled_holo_dark) that varies with configuration!!
W/Resources(  165): Preloaded drawable resource #0x10801ef (android:drawable/btn_toggle_on_disabled_focused_holo_light) that varies with configuration!!
W/Resources(  165): Preloaded drawable resource #0x10801ee (android:drawable/btn_toggle_on_disabled_focused_holo_dark) that varies with configuration!!
W/Resources(  165): Preloaded drawable resource #0x10801ec (android:drawable/btn_toggle_off_pressed_holo_light) that varies with configuration!!
W/Resources(  165): Preloaded drawable resource #0x10801eb (android:drawable/btn_toggle_off_pressed_holo_dark) that varies with configuration!!
D/dalvikvm(  165): GC_EXPLICIT freed 47K, 6% free 2680K/2832K, paused 1ms+4ms, total 51ms
W/Resources(  165): Preloaded drawable resource #0x10801ea (android:drawable/btn_toggle_off_normal_holo_light) that varies with configuration!!
W/Resources(  165): Preloaded drawable resource #0x10801e9 (android:drawable/btn_toggle_off_normal_holo_dark) that varies with configuration!!
W/Resources(  165): Preloaded drawable resource #0x10801e8 (android:drawable/btn_toggle_off_focused_holo_light) that varies with configuration!!
W/Resources(  165): Preloaded drawable resource #0x10801e7 (android:drawable/btn_toggle_off_focused_holo_dark) that varies with configuration!!
W/Resources(  165): Preloaded drawable resource #0x10801e6 (android:drawable/btn_toggle_off_disabled_holo_light) that varies with configuration!!
W/Resources(  165): Preloaded drawable resource #0x10801e5 (android:drawable/btn_toggle_off_disabled_holo_dark) that varies with configuration!!
D/dalvikvm(  165): GC_EXPLICIT freed 54K, 6% free 2681K/2832K, paused 4ms+2ms, total 48ms
W/Resources(  165): Preloaded drawable resource #0x10801e4 (android:drawable/btn_toggle_off_disabled_focused_holo_light) that varies with configuration!!
W/Resources(  165): Preloaded drawable resource #0x10801e3 (android:drawable/btn_toggle_off_disabled_focused_holo_dark) that varies with configuration!!
W/Resources(  165): Preloaded drawable resource #0x10801f5 (android:drawable/btn_toggle_on_normal_holo_light) that varies with configuration!!
W/Resources(  165): Preloaded drawable resource #0x10801f1 (android:drawable/btn_toggle_on_disabled_holo_light) that varies with configuration!!
W/Resources(  165): Preloaded drawable resource #0x10801f7 (android:drawable/btn_toggle_on_pressed_holo_light) that varies with configuration!!
W/Resources(  165): Preloaded drawable resource #0x10801f3 (android:drawable/btn_toggle_on_focused_holo_light) that varies with configuration!!
W/Resources(  165): Preloaded drawable resource #0x10801f5 (android:drawable/btn_toggle_on_normal_holo_light) that varies with configuration!!
W/Resources(  165): Preloaded drawable resource #0x10801ef (android:drawable/btn_toggle_on_disabled_focused_holo_light) that varies with configuration!!
W/Resources(  165): Preloaded drawable resource #0x10801f1 (android:drawable/btn_toggle_on_disabled_holo_light) that varies with configuration!!
W/Resources(  165): Preloaded drawable resource #0x10801ea (android:drawable/btn_toggle_off_normal_holo_light) that varies with configuration!!
W/Resources(  165): Preloaded drawable resource #0x10801e6 (android:drawable/btn_toggle_off_disabled_holo_light) that varies with configuration!!
W/Resources(  165): Preloaded drawable resource #0x10801ec (android:drawable/btn_toggle_off_pressed_holo_light) that varies with configuration!!
W/Resources(  165): Preloaded drawable resource #0x10801e8 (android:drawable/btn_toggle_off_focused_holo_light) that varies with configuration!!
W/Resources(  165): Preloaded drawable resource #0x10801ea (android:drawable/btn_toggle_off_normal_holo_light) that varies with configuration!!
W/Resources(  165): Preloaded drawable resource #0x10801e4 (android:drawable/btn_toggle_off_disabled_focused_holo_light) that varies with configuration!!
W/Resources(  165): Preloaded drawable resource #0x10801e6 (android:drawable/btn_toggle_off_disabled_holo_light) that varies with configuration!!
W/Resources(  165): Preloaded drawable resource #0x10801e1 (android:drawable/btn_toggle_holo_light) that varies with configuration!!
D/dalvikvm(  165): GC_EXPLICIT freed 71K, 4% free 2760K/2848K, paused 2ms+2ms, total 30ms
W/Resources(  165): Preloaded drawable resource #0x10801f4 (android:drawable/btn_toggle_on_normal_holo_dark) that varies with configuration!!
W/Resources(  165): Preloaded drawable resource #0x10801f0 (android:drawable/btn_toggle_on_disabled_holo_dark) that varies with configuration!!
W/Resources(  165): Preloaded drawable resource #0x10801f6 (android:drawable/btn_toggle_on_pressed_holo_dark) that varies with configuration!!
W/Resources(  165): Preloaded drawable resource #0x10801f2 (android:drawable/btn_toggle_on_focused_holo_dark) that varies with configuration!!
W/Resources(  165): Preloaded drawable resource #0x10801f4 (android:drawable/btn_toggle_on_normal_holo_dark) that varies with configuration!!
W/Resources(  165): Preloaded drawable resource #0x10801ee (android:drawable/btn_toggle_on_disabled_focused_holo_dark) that varies with configuration!!
W/Resources(  165): Preloaded drawable resource #0x10801f0 (android:drawable/btn_toggle_on_disabled_holo_dark) that varies with configuration!!
W/Resources(  165): Preloaded drawable resource #0x10801e9 (android:drawable/btn_toggle_off_normal_holo_dark) that varies with configuration!!
W/Resources(  165): Preloaded drawable resource #0x10801e5 (android:drawable/btn_toggle_off_disabled_holo_dark) that varies with configuration!!
W/Resources(  165): Preloaded drawable resource #0x10801eb (android:drawable/btn_toggle_off_pressed_holo_dark) that varies with configuration!!
W/Resources(  165): Preloaded drawable resource #0x10801e7 (android:drawable/btn_toggle_off_focused_holo_dark) that varies with configuration!!
W/Resources(  165): Preloaded drawable resource #0x10801e9 (android:drawable/btn_toggle_off_normal_holo_dark) that varies with configuration!!
W/Resources(  165): Preloaded drawable resource #0x10801e3 (android:drawable/btn_toggle_off_disabled_focused_holo_dark) that varies with configuration!!
W/Resources(  165): Preloaded drawable resource #0x10801e5 (android:drawable/btn_toggle_off_disabled_holo_dark) that varies with configuration!!
W/Resources(  165): Preloaded drawable resource #0x10801e0 (android:drawable/btn_toggle_holo_dark) that varies with configuration!!
D/dalvikvm(  165): WAIT_FOR_CONCURRENT_GC blocked 1ms
D/dalvikvm(  165): GC_EXPLICIT freed 154K, 6% free 2737K/2904K, paused 6ms+1ms, total 58ms
W/Resources(  165): Preloaded drawable resource #0x108064c (android:drawable/textfield_multiline_default_holo_light) that varies with configuration!!
W/Resources(  165): Preloaded drawable resource #0x1080650 (android:drawable/textfield_multiline_disabled_holo_light) that varies with configuration!!
W/Resources(  165): Preloaded drawable resource #0x108064a (android:drawable/textfield_multiline_activated_holo_light) that varies with configuration!!
W/Resources(  165): Preloaded drawable resource #0x1080652 (android:drawable/textfield_multiline_focused_holo_light) that varies with configuration!!
W/Resources(  165): Preloaded drawable resource #0x108064c (android:drawable/textfield_multiline_default_holo_light) that varies with configuration!!
W/Resources(  165): Preloaded drawable resource #0x108064e (android:drawable/textfield_multiline_disabled_focused_holo_light) that varies with configuration!!
W/Resources(  165): Preloaded drawable resource #0x1080650 (android:drawable/textfield_multiline_disabled_holo_light) that varies with configuration!!
W/Resources(  165): Preloaded drawable resource #0x108063f (android:drawable/textfield_default_holo_light) that varies with configuration!!
W/Resources(  165): Preloaded drawable resource #0x1080644 (android:drawable/textfield_disabled_holo_light) that varies with configuration!!
W/Resources(  165): Preloaded drawable resource #0x1080637 (android:drawable/textfield_activated_holo_light) that varies with configuration!!
W/Resources(  165): Preloaded drawable resource #0x1080647 (android:drawable/textfield_focused_holo_light) that varies with configuration!!
W/Resources(  165): Preloaded drawable resource #0x108063f (android:drawable/textfield_default_holo_light) that varies with configuration!!
W/Resources(  165): Preloaded drawable resource #0x1080642 (android:drawable/textfield_disabled_focused_holo_light) that varies with configuration!!
W/Resources(  165): Preloaded drawable resource #0x1080644 (android:drawable/textfield_disabled_holo_light) that varies with configuration!!
W/Resources(  165): Preloaded drawable resource #0x1080258 (android:drawable/edit_text_holo_light) that varies with configuration!!
D/dalvikvm(  165): GC_EXPLICIT freed 131K, 6% free 2738K/2904K, paused 3ms+1ms, total 56ms
W/Resources(  165): Preloaded drawable resource #0x108064b (android:drawable/textfield_multiline_default_holo_dark) that varies with configuration!!
W/Resources(  165): Preloaded drawable resource #0x108064f (android:drawable/textfield_multiline_disabled_holo_dark) that varies with configuration!!
