D/PhoneStatusBar(  578): heads up is disabled
D/BluetoothManagerService(  510): Message: 30
I/Choreographer(  578): Skipped 128 frames!  The application may be doing too much work on its main thread.
W/WindowManager(  510): Window freeze timeout expired.
W/WindowManager(  510): Force clearing orientation change: Window{4a838bd4 u0 PointerLocation}
D/dalvikvm(  510): GC_CONCURRENT freed 326K, 8% free 5135K/5532K, paused 87ms+9ms, total 321ms
E/BluetoothMap(  708): Could not bind to Bluetooth MAP Service with Intent { act=android.bluetooth.IBluetoothMap }
D/BluetoothManagerService(  510): Message: 30
E/BluetoothPbap(  708): Could not bind to Bluetooth Pbap Service with Intent { act=android.bluetooth.IBluetoothPbap }
D/LocalBluetoothProfileManager(  708): LocalBluetoothProfileManager construction complete
D/BluetoothAdapter(  708): 1249294180: getState() :  mService = null. Returning STATE_OFF
D/BluetoothAdapter(  708): 1249294180: getState() :  mService = null. Returning STATE_OFF
D/WifiStateMachine(  510): CaptivePortalCheckState CMD_CAPTIVE_CHECK_COMPLETE
D/ConnectivityService(  510): Captive portal check NetworkInfo: type: WIFI[], state: CONNECTING/CAPTIVE_PORTAL_CHECK, reason: (unspecified), extra: "AndroidAP", roaming: false, failover: false, isAvailable: true, isConnectedToProvisioningNetwork: false
D/ConnectivityService(  510): handleCaptivePortalTrackerCheck: call captivePortalCheckComplete ni=NetworkInfo: type: WIFI[], state: CONNECTING/CAPTIVE_PORTAL_CHECK, reason: (unspecified), extra: "AndroidAP", roaming: false, failover: false, isAvailable: true, isConnectedToProvisioningNetwork: false
D/ConnectivityService(  510): ConnectivityChange for WIFI: CONNECTED/CONNECTED
E/ConnectivityService(  510): Unexpected mtu value: android.net.wifi.WifiStateTracker@4a850b68
D/OpenGLRenderer(  510): Enabling debug mode 0
I/dalvikvm(  734): Could not find method android.view.ViewAnimationUtils.createCircularReveal, referenced from method com.vphone.launcher.Launcher.a
W/dalvikvm(  734): VFY: unable to resolve static method 15893: Landroid/view/ViewAnimationUtils;.createCircularReveal (Landroid/view/View;IIFF)Landroid/animation/Animator;
D/dalvikvm(  734): VFY: replacing opcode 0x71 at 0x0267
D/Nat464Xlat(  510): requiresClat: netType=1, hasIPv4Address=true
D/dalvikvm(  751): JIT code cache reset in 0 ms (0 bytes 1/0)
D/dalvikvm(  751): GC_CONCURRENT freed 202K, 9% free 3106K/3380K, paused 5ms+181ms, total 437ms
E/BandwidthController(  160): Updating quota globalAlert failed (No such file or directory)
D/BluetoothManagerService(  510): Message: 20
W/NetworkStats(  510): problem registering for global alert: java.lang.IllegalStateException: command '17 bandwidth setglobalalert 2097152' failed with '400 17 Bandwidth command failed'
D/BluetoothManagerService(  510): Added callback: android.bluetooth.IBluetoothManagerCallback$Stub$Proxy@4a894350:true
D/BluetoothManagerService(  510): Message: 30
E/BluetoothHeadset(  721): Could not bind to Bluetooth Headset Service with Intent { act=android.bluetooth.IBluetoothHeadset }
D/dalvikvm(  721): GC_CONCURRENT freed 149K, 7% free 3116K/3324K, paused 5ms+14ms, total 109ms
D/CallNotifier(  721): CallNotifier: mSignalInfoToneGenerator created when toneplay
D/BluetoothManagerService(  510): Message: 30
E/BluetoothHeadset(  721): Could not bind to Bluetooth Headset Service with Intent { act=android.bluetooth.IBluetoothHeadset }
D/dalvikvm(  734): GC_CONCURRENT freed 217K, 9% free 3115K/3412K, paused 72ms+54ms, total 143ms
D/dalvikvm(  734): WAIT_FOR_CONCURRENT_GC blocked 4ms
D/libEGL  (  578): loaded /system/lib/egl/libEGL_adreno.so
D/MobileDataStateTracker(  510): default: Broadcast received: android.intent.action.ANY_DATA_STATE apnType=default
D/TelephonyDebugService(  721): TelephonyDebugService()
D/MobileDataStateTracker(  510): default: Received state=DISCONNECTED, old=DISCONNECTED, reason=radioTurnedOff
D/MobileDataStateTracker(  510): default: Broadcast received: android.intent.action.ANY_DATA_STATE apnType=default
D/MobileDataStateTracker(  510): default: Received state=DISCONNECTED, old=DISCONNECTED, reason=radioTurnedOff
D/MobileDataStateTracker(  510): default: Broadcast received: android.intent.action.ANY_DATA_STATE apnType=default
D/MobileDataStateTracker(  510): default: Received state=DISCONNECTED, old=DISCONNECTED, reason=dataDetached
D/BluetoothManagerService(  510): Message: 30
E/BluetoothHeadset(  721): Could not bind to Bluetooth Headset Service with Intent { act=android.bluetooth.IBluetoothHeadset }
E/BluetoothPhoneService(  721): Could not get a handle on Connection object for the call
I/PackageManager(  510):   Action: "android.intent.action.MAIN"
I/PackageManager(  510):   Category: "android.intent.category.HOME"
I/PackageManager(  510):   Category: "android.intent.category.DEFAULT"
W/CallNotifier(  721): Got onMwiChanged() on non-voice-capable device! Ignoring...
W/ImageLoader(  734): diskCache() and diskCacheFileNameGenerator() calls overlap each other
I/PackageManager(  510): Adding preferred activity ComponentInfo{com.vphone.launcher/com.vphone.launcher.Launcher} for user 0 :
W/ContextImpl(  734): Calling a method in the system process without a qualified user: android.app.ContextImpl.startService:1492 android.content.ContextWrapper.startService:494 com.vphone.launcher.LauncherApplication.onCreate:114 android.app.Instrumentation.callApplicationOnCreate:1024 android.app.ActivityThread.handleBindApplication:4346 
D/dalvikvm(  734): GC_CONCURRENT freed 54K, 7% free 3470K/3692K, paused 3ms+3ms, total 71ms
I/PhoneApp(  721): Headset phone created, binding local service.
D/        (  578): HostConnection::get() New Host Connection established 0xb96d1740, tid 578
D/libEGL  (  578): loaded /system/lib/egl/libGLESv1_CM_adreno.so
D/libEGL  (  578): loaded /system/lib/egl/libGLESv2_adreno.so
W/ActivityThread(  734): ClassLoader.loadClass: The class loader returned by Thread.getContextClassLoader() may fail for processes that host multiple applications. You should explicitly specify a context class loader. For example: Thread.setContextClassLoader(getClass().getClassLoader());
D/dalvikvm(  734): GC_CONCURRENT freed 346K, 11% free 3637K/4048K, paused 1ms+2ms, total 141ms
D/dalvikvm(  734): WAIT_FOR_CONCURRENT_GC blocked 66ms
D/dalvikvm(  734): WAIT_FOR_CONCURRENT_GC blocked 66ms
D/dalvikvm(  734): WAIT_FOR_CONCURRENT_GC blocked 76ms
D/dalvikvm(  721): GC_CONCURRENT freed 286K, 10% free 3241K/3588K, paused 16ms+2ms, total 226ms
W/WindowManager(  510): Window freeze timeout expired.
W/WindowManager(  510): Force clearing orientation change: Window{4a838bd4 u0 PointerLocation}
W/WindowManager(  510): Force clearing orientation change: Window{4a89e110 u0 StatusBar}
D/su      (  812): su invoked.
D/su      (  812): starting daemon client 1000 1000
D/su      (  814): remote pid: 812
D/su      (  814): remote pts_slave: 
D/su      (  814): waiting for child exit
D/su      (  816): su invoked.
D/su      (  816): 1000 /system/xbin/su executing 0 /system/bin/sh using binary /system/bin/sh : sh
D/su      (  814): sending code
D/su      (  814): child exited
D/su      (  812): client exited 255
D/Tethering(  510): MasterInitialState.processMessage what=3
I/ActivityManager(  510): Start proc android.process.media for broadcast com.android.providers.downloads/.DownloadReceiver: pid=841 uid=10004 gids={50004, 1028, 1015, 1023, 1024, 2001, 3003, 3007}
D/CaptivePortalTracker(  510): NoActiveNetworkState{ when=-1ms what=1 obj=NetworkInfo: type: WIFI[], state: CONNECTED/CONNECTED, reason: (unspecified), extra: "AndroidAP", roaming: false, failover: false, isAvailable: true, isConnectedToProvisioningNetwork: false target=com.android.internal.util.StateMachine$SmHandler }
D/        (  510): Setting time of day to sec=1553603157
D/Sensors (  510): Client connection accepted (164)
D/dalvikvm(  734): GC_CONCURRENT freed 409K, 12% free 3726K/4204K, paused 17ms+203ms, total 998ms
D/dalvikvm(  734): WAIT_FOR_CONCURRENT_GC blocked 6ms
I/dalvikvm(  734): Could not find method android.view.ViewAnimationUtils.createCircularReveal, referenced from method com.vphone.launcher.LauncherAnimUtils.createCircularReveal
W/dalvikvm(  734): VFY: unable to resolve static method 15893: Landroid/view/ViewAnimationUtils;.createCircularReveal (Landroid/view/View;IIFF)Landroid/animation/Animator;
D/dalvikvm(  734): VFY: replacing opcode 0x71 at 0x0000
D/SettingsProvider(  510): User 0 external modification to /data/data/com.android.providers.settings/databases/settings.db; event=8
D/SettingsProvider(  510): User 0 updating our caches for /data/data/com.android.providers.settings/databases/settings.db
D/AndroidRuntime(  817): 
D/AndroidRuntime(  817): >>>>>> AndroidRuntime START com.android.internal.os.RuntimeInit <<<<<<
D/dalvikvm(  734): GC_CONCURRENT freed 213K, 8% free 3899K/4204K, paused 20ms+0ms, total 29ms
D/        (  164): HostConnection::get() New Host Connection established 0xb8597be0, tid 582
W/ResourceType(  734): Attempt to retrieve bag 0x7f0e00a4 which is invalid or in a cycle.
D/NOX-AGPS(  877): 0|33083|54791(mnc=0, lac=33083, cid=54791) for lng=104.563583 & lat=31.001251 
E/NOX     (   68): recv() error
D/NOX     (   68): Socket read error
W/Searchables(  510): No global search activity found
D/OpenGLRenderer(  578): Enabling debug mode 0
W/ContextImpl(  734): Calling a method in the system process without a qualified user: android.app.ContextImpl.startService:1492 android.content.ContextWrapper.startService:494 com.vphone.launcher.Launcher.a:31679 com.vphone.launcher.Launcher$11.run:635 com.vphone.launcher.utils.ThreadUtil$a$1.run:68 
D/AndroidRuntime(  817): CheckJNI is OFF
D/dalvikvm(  817): Using executionMode 2
D/dalvikvm(  817): Trying to load lib libjavacore.so 0x0
D/dalvikvm(  817): Added shared lib libjavacore.so 0x0
D/dalvikvm(  817): Trying to load lib libnativehelper.so 0x0
D/dalvikvm(  817): Added shared lib libnativehelper.so 0x0
D/dalvikvm(  817): No JNI_OnLoad found in libnativehelper.so 0x0, skipping init
D/dalvikvm(  817): Note: class Landroid/app/ActivityManagerNative; has 179 unimplemented (abstract) methods
D/dalvikvm(  510): GC_CONCURRENT freed 388K, 9% free 5206K/5672K, paused 3ms+368ms, total 1051ms
D/dalvikvm(  734): GC_CONCURRENT freed 218K, 7% free 4076K/4360K, paused 3ms+42ms, total 244ms
D/dalvikvm(  578): GC_CONCURRENT freed 116K, 5% free 4240K/4424K, paused 2ms+1ms, total 27ms
E/memtrack(  817): Couldn't load memtrack module (No such file or directory)
E/android.os.Debug(  817): failed to load memtrack module: -2
I/dalvikvm(  841): ignoring registerObject request in thread=1
I/dalvikvm(  841): ignoring registerObject request in thread=1
D/PhoneStatusBar(  578): mSettingsPanelGravity = 55
D/AndroidRuntime(  901): 
D/AndroidRuntime(  901): >>>>>> AndroidRuntime START com.android.internal.os.RuntimeInit <<<<<<
D/AndroidRuntime(  817): Calling main entry com.android.commands.am.Am
D/AndroidRuntime(  817): Shutting down VM
E/cutils-trace(  817): Error opening trace file: No such file or directory (2)
D/dalvikvm(  817): GC_CONCURRENT freed 100K, 15% free 589K/692K, paused 0ms+1ms, total 2ms
E/TelephonyProvider(  721): Failed setting numeric '460072' to the current operator
D/dalvikvm(  734): GC_CONCURRENT freed 229K, 7% free 4284K/4592K, paused 22ms+19ms, total 124ms
D/AndroidRuntime(  901): CheckJNI is OFF
D/dalvikvm(  901): Using executionMode 2
D/dalvikvm(  901): Trying to load lib libjavacore.so 0x0
D/dalvikvm(  901): Added shared lib libjavacore.so 0x0
D/dalvikvm(  901): Trying to load lib libnativehelper.so 0x0
D/dalvikvm(  901): Added shared lib libnativehelper.so 0x0
D/dalvikvm(  901): No JNI_OnLoad found in libnativehelper.so 0x0, skipping init
I/InputDispatcher(  510): Dropped event because input dispatch is disabled.
I/InputDispatcher(  510): Dropped event because input dispatch is disabled.
D/dalvikvm(  901): Note: class Landroid/app/ActivityManagerNative; has 179 unimplemented (abstract) methods
D/PhoneStatusBar(  578): disable: < EXPAND* icons alerts TICKER* system_info back home RECENT* clock SEARCH* >
E/RemotePrintSpooler(  510): Error removing obsolete print jobs .
E/RemotePrintSpooler(  510): java.util.concurrent.TimeoutException: Cannot get spooler!
E/RemotePrintSpooler(  510): 	at com.android.server.print.RemotePrintSpooler.bindLocked(RemotePrintSpooler.java:376)
E/RemotePrintSpooler(  510): 	at com.android.server.print.RemotePrintSpooler.getRemoteInstanceLazy(RemotePrintSpooler.java:352)
E/RemotePrintSpooler(  510): 	at com.android.server.print.RemotePrintSpooler.removeObsoletePrintJobs(RemotePrintSpooler.java:287)
E/RemotePrintSpooler(  510): 	at com.android.server.print.UserState.removeObsoletePrintJobs(UserState.java:163)
E/RemotePrintSpooler(  510): 	at com.android.server.print.PrintManagerService$1.run(PrintManagerService.java:94)
E/RemotePrintSpooler(  510): 	at android.os.Handler.handleCallback(Handler.java:733)
E/RemotePrintSpooler(  510): 	at android.os.Handler.dispatchMessage(Handler.java:95)
E/RemotePrintSpooler(  510): 	at android.os.Looper.loop(Looper.java:136)
E/RemotePrintSpooler(  510): 	at android.os.HandlerThread.run(HandlerThread.java:61)
D/dalvikvm(  734): GC_CONCURRENT freed 313K, 9% free 4419K/4808K, paused 1ms+104ms, total 285ms
W/WindowManager(  510): updateFocusedWindowLocked, focusedAppToken is null.
V/KeyguardHostView(  578): Initial transport state: 1, pbstate=0
E/memtrack(  901): Couldn't load memtrack module (No such file or directory)
E/android.os.Debug(  901): failed to load memtrack module: -2
D/AndroidRuntime(  901): Calling main entry com.android.commands.am.Am
D/AndroidRuntime(  901): Shutting down VM
E/cutils-trace(  901): Error opening trace file: No such file or directory (2)
D/dalvikvm(  901): GC_CONCURRENT freed 100K, 15% free 586K/688K, paused 1ms+0ms, total 3ms
I/FusedLocation(  510): engine stopped (com.android.location.fused)
I/FusedLocation(  510): engine started (com.android.location.fused)
I/FusedLocation(  510): engine started (com.android.location.fused)
W/DebugConnManager(  510): getNetworkInfo() on networkType 1
D/libEGL  (  734): loaded /system/lib/egl/libEGL_adreno.so
D/dalvikvm(  734): GC_CONCURRENT freed 277K, 8% free 4608K/4980K, paused 25ms+2ms, total 165ms
E/GpsLocationProvider(  510): no AGPS interface in set_agps_server
D/dalvikvm(  578): GC_CONCURRENT freed 191K, 6% free 4475K/4732K, paused 28ms+5ms, total 197ms
I/Choreographer(  578): Skipped 608 frames!  The application may be doing too much work on its main thread.
D/GpsLocationProvider(  510): NTP server returned: 1553603154525 (Tue Mar 26 20:25:54 GMT+08:00 2019) reference: 48401 certainty: 72 system time offset: -9441
W/WindowManager(  510): Window freeze timeout expired.
W/WindowManager(  510): Force clearing orientation change: Window{4a824be0 u0 com.vphone.launcher/com.vphone.launcher.Launcher}
I/ActivityManager(  510): Start proc com.bignox.app.store.hd for broadcast com.bignox.app.store.hd/.providers.downloads.DownloadReceiver: pid=982 uid=1000 gids={41000, 3003, 1028, 1015, 1023, 1007, 3002, 3001}
D/        (  734): HostConnection::get() New Host Connection established 0xb9799a40, tid 734
D/libEGL  (  734): loaded /system/lib/egl/libGLESv1_CM_adreno.so
D/libEGL  (  734): loaded /system/lib/egl/libGLESv2_adreno.so
I/dalvikvm(  982): ignoring registerObject request in thread=1
I/dalvikvm(  982): ignoring registerObject request in thread=1
I/ContactLocale(  751): AddressBook Labels [zh_CN]: [, A, B, C, D, E, F, G, H, I, J, K, L, M, N, O, P, Q, R, S, T, U, V, W, X, Y, Z, , , , , , , , , , , , , , , , , , , , , , , , , , , , , , , , , , , , , , , , , , , , , , , , , , , , , , , , , , , , , , , , , , , , , , , , , , , , , , , , , , , , , , , , , , , , , , , , , , , , , , , , , , , , , , , , , , , , , , , , , , , , , , , , , , , , , , , , , , , , , , , , , , , , , , , , , , , , #, ]
E/local_gps(  159): Can't send RMC command
D/dalvikvm(  982): No JNI_OnLoad found in /system/lib/libxl_thunder_sdk.so 0x94ecfcd0, skipping init
D/dalvikvm(  982): No JNI_OnLoad found in /system/lib/libvphone_xl_thunder_iface.so 0x94ecfcd0, skipping init
I/XLUtil  (  982): loadAndParseFile start
I/XLUtil  (  982): loadAndParseFile end
I/XLDownloadManager(  982): Peerid:Rjg5NEMyOEI0ODE4MDBYWQ==
I/XLDownloadManager(  982): Guid:ODYzMjU0MDEwMjQ4OTQ1X0Y4OTRDMjhCNDgxOA==
I/XLDownloadManager(  982): doMonitorNetworkChange()
I/XLDownloadManager(  982): register Receiver
D/dalvikvm(  982): GC_CONCURRENT freed 237K, 9% free 3106K/3412K, paused 7ms+6ms, total 68ms
W/ActivityThread(  982): ClassLoader.loadClass: The class loader returned by Thread.getContextClassLoader() may fail for processes that host multiple applications. You should explicitly specify a context class loader. For example: Thread.setContextClassLoader(getClass().getClassLoader());
D/        (  164): HostConnection::get() New Host Connection established 0xb859a370, tid 843
D/dalvikvm(  982): GC_CONCURRENT freed 334K, 12% free 3242K/3644K, paused 26ms+8ms, total 77ms
D/Volley  (  982): [1] DiskBasedCache.clear: Cache cleared.
W/ContextImpl(  982): Calling a method in the system process without a qualified user: android.app.ContextImpl.startService:1492 android.content.ContextWrapper.startService:494 com.bignox.app.store.hd.StoreApplication.onCreate:97 android.app.Instrumentation.callApplicationOnCreate:1024 android.app.ActivityThread.handleBindApplication:4346 
I/HttpDnsSDK(  982): HttpDnsThreadFactory create a new thread, name: Thread-52
I/HttpDnsSDK(  982): HttpDnsThreadFactory create a new thread, name: Thread-53
I/HttpDnsSDK(  982): HttpDnsThreadFactory create a new thread, name: Thread-56
I/qtaguid (  982): Tagging socket 63 with tag dd102e4a00000000(-586142134) for uid -1 failed errno=-13
I/NetworkManagementSocketTagger(  982): tagSocketFd(63, -586142134, -1) failed with errno-13
I/qtaguid (  982): Tagging socket 64 with tag a00500000000(40965) for uid -1 failed errno=-13
I/NetworkManagementSocketTagger(  982): tagSocketFd(64, 40965, -1) failed with errno-13
W/ContextImpl(  982): Calling a method in the system process without a qualified user: android.app.ContextImpl.startService:1492 android.content.ContextWrapper.startService:494 android.content.ContextWrapper.startService:494 com.bignox.app.store.hd.providers.downloads.DownloadReceiver.startService:188 com.bignox.app.store.hd.providers.downloads.DownloadReceiver.onReceive:53 
I/qtaguid (  982): Tagging socket 69 with tag a00500000000(40965) for uid -1 failed errno=-13
I/NetworkManagementSocketTagger(  982): tagSocketFd(69, 40965, -1) failed with errno-13
I/qtaguid (  982): Tagging socket 70 with tag a00500000000(40965) for uid -1 failed errno=-13
I/NetworkManagementSocketTagger(  982): tagSocketFd(70, 40965, -1) failed with errno-13
I/qtaguid (  982): Untagging socket 70 failed errno=-13
W/NetworkManagementSocketTagger(  982): untagSocket(70) failed with errno -13
I/qtaguid (  982): Tagging socket 70 with tag a00500000000(40965) for uid -1 failed errno=-13
I/NetworkManagementSocketTagger(  982): tagSocketFd(70, 40965, -1) failed with errno-13
I/qtaguid (  982): Untagging socket 70 failed errno=-13
W/NetworkManagementSocketTagger(  982): untagSocket(70) failed with errno -13
I/qtaguid (  982): Tagging socket 70 with tag a00500000000(40965) for uid -1 failed errno=-13
I/NetworkManagementSocketTagger(  982): tagSocketFd(70, 40965, -1) failed with errno-13
I/qtaguid (  982): Untagging socket 70 failed errno=-13
W/NetworkManagementSocketTagger(  982): untagSocket(70) failed with errno -13
I/qtaguid (  982): Tagging socket 70 with tag a00500000000(40965) for uid -1 failed errno=-13
I/NetworkManagementSocketTagger(  982): tagSocketFd(70, 40965, -1) failed with errno-13
I/qtaguid (  982): Untagging socket 70 failed errno=-13
W/NetworkManagementSocketTagger(  982): untagSocket(70) failed with errno -13
I/qtaguid (  982): Tagging socket 70 with tag a00500000000(40965) for uid -1 failed errno=-13
I/NetworkManagementSocketTagger(  982): tagSocketFd(70, 40965, -1) failed with errno-13
I/qtaguid (  982): Untagging socket 70 failed errno=-13
W/NetworkManagementSocketTagger(  982): untagSocket(70) failed with errno -13
I/qtaguid (  982): Tagging socket 70 with tag a00500000000(40965) for uid -1 failed errno=-13
I/NetworkManagementSocketTagger(  982): tagSocketFd(70, 40965, -1) failed with errno-13
I/qtaguid (  982): Untagging socket 70 failed errno=-13
W/NetworkManagementSocketTagger(  982): untagSocket(70) failed with errno -13
D/dalvikvm(  982): GC_CONCURRENT freed 435K, 14% free 3320K/3820K, paused 4ms+5ms, total 127ms
D/dalvikvm(  982): WAIT_FOR_CONCURRENT_GC blocked 12ms
D/dalvikvm(  982): WAIT_FOR_CONCURRENT_GC blocked 30ms
D/dalvikvm(  982): WAIT_FOR_CONCURRENT_GC blocked 32ms
D/dalvikvm(  982): WAIT_FOR_CONCURRENT_GC blocked 31ms
I/qtaguid (  982): Tagging socket 71 with tag a00500000000(40965) for uid -1 failed errno=-13
D/dalvikvm(  982): WAIT_FOR_CONCURRENT_GC blocked 44ms
I/NetworkManagementSocketTagger(  982): tagSocketFd(71, 40965, -1) failed with errno-13
I/qtaguid (  982): Tagging socket 70 with tag a00500000000(40965) for uid -1 failed errno=-13
I/NetworkManagementSocketTagger(  982): tagSocketFd(70, 40965, -1) failed with errno-13
I/qtaguid (  982): Untagging socket 70 failed errno=-13
W/NetworkManagementSocketTagger(  982): untagSocket(70) failed with errno -13
D/HttpDnsSDK(  982): 53 - VMStack.java:-2 - [getThreadStackTrace] - resolve host: ressrc.yeshen.com, return: {"host":"ressrc.yeshen.com","ips":["60.205.13.186"],"ttl":436,"origin_ttl":600}
I/qtaguid (  982): Untagging socket 64 failed errno=-13
W/NetworkManagementSocketTagger(  982): untagSocket(64) failed with errno -13
I/qtaguid (  982): Tagging socket 68 with tag a00500000000(40965) for uid -1 failed errno=-13
I/NetworkManagementSocketTagger(  982): tagSocketFd(68, 40965, -1) failed with errno-13
I/qtaguid (  982): Untagging socket 68 failed errno=-13
W/NetworkManagementSocketTagger(  982): untagSocket(68) failed with errno -13
I/qtaguid (  982): Tagging socket 68 with tag a00500000000(40965) for uid -1 failed errno=-13
I/NetworkManagementSocketTagger(  982): tagSocketFd(68, 40965, -1) failed with errno-13
I/qtaguid (  982): Untagging socket 68 failed errno=-13
W/NetworkManagementSocketTagger(  982): untagSocket(68) failed with errno -13
I/qtaguid (  982): Tagging socket 68 with tag a00500000000(40965) for uid -1 failed errno=-13
I/NetworkManagementSocketTagger(  982): tagSocketFd(68, 40965, -1) failed with errno-13
I/qtaguid (  982): Untagging socket 68 failed errno=-13
W/NetworkManagementSocketTagger(  982): untagSocket(68) failed with errno -13
I/qtaguid (  982): Tagging socket 68 with tag a00500000000(40965) for uid -1 failed errno=-13
I/NetworkManagementSocketTagger(  982): tagSocketFd(68, 40965, -1) failed with errno-13
I/qtaguid (  982): Untagging socket 68 failed errno=-13
W/NetworkManagementSocketTagger(  982): untagSocket(68) failed with errno -13
I/qtaguid (  982): Tagging socket 68 with tag a00500000000(40965) for uid -1 failed errno=-13
I/NetworkManagementSocketTagger(  982): tagSocketFd(68, 40965, -1) failed with errno-13
I/qtaguid (  982): Untagging socket 68 failed errno=-13
W/NetworkManagementSocketTagger(  982): untagSocket(68) failed with errno -13
I/qtaguid (  982): Tagging socket 70 with tag a00500000000(40965) for uid -1 failed errno=-13
I/NetworkManagementSocketTagger(  982): tagSocketFd(70, 40965, -1) failed with errno-13
I/qtaguid (  982): Untagging socket 70 failed errno=-13
W/NetworkManagementSocketTagger(  982): untagSocket(70) failed with errno -13
I/qtaguid (  982): Tagging socket 70 with tag a00500000000(40965) for uid -1 failed errno=-13
I/NetworkManagementSocketTagger(  982): tagSocketFd(70, 40965, -1) failed with errno-13
I/qtaguid (  982): Untagging socket 70 failed errno=-13
W/NetworkManagementSocketTagger(  982): untagSocket(70) failed with errno -13
I/qtaguid (  982): Tagging socket 70 with tag a00500000000(40965) for uid -1 failed errno=-13
I/NetworkManagementSocketTagger(  982): tagSocketFd(70, 40965, -1) failed with errno-13
I/qtaguid (  982): Untagging socket 70 failed errno=-13
W/NetworkManagementSocketTagger(  982): untagSocket(70) failed with errno -13
I/qtaguid (  982): Tagging socket 70 with tag a00500000000(40965) for uid -1 failed errno=-13
I/NetworkManagementSocketTagger(  982): tagSocketFd(70, 40965, -1) failed with errno-13
D/OpenGLRenderer(  734): Enabling debug mode 0
I/qtaguid (  982): Untagging socket 70 failed errno=-13
W/NetworkManagementSocketTagger(  982): untagSocket(70) failed with errno -13
I/qtaguid (  982): Tagging socket 70 with tag a00500000000(40965) for uid -1 failed errno=-13
I/NetworkManagementSocketTagger(  982): tagSocketFd(70, 40965, -1) failed with errno-13
I/qtaguid (  982): Untagging socket 70 failed errno=-13
W/NetworkManagementSocketTagger(  982): untagSocket(70) failed with errno -13
I/qtaguid (  982): Tagging socket 70 with tag a00500000000(40965) for uid -1 failed errno=-13
I/NetworkManagementSocketTagger(  982): tagSocketFd(70, 40965, -1) failed with errno-13
I/qtaguid (  982): Untagging socket 70 failed errno=-13
W/NetworkManagementSocketTagger(  982): untagSocket(70) failed with errno -13
D/XLDownloadManager(  982): NetworkChangeHandlerThread nettype=9
D/XLDownloadManager(  982): NetworkChangeHandlerThread bssid=F8:94:C2:8B:48:18
I/qtaguid (  982): Tagging socket 70 with tag dd102e4a00000000(-586142134) for uid -1 failed errno=-13
I/NetworkManagementSocketTagger(  982): tagSocketFd(70, -586142134, -1) failed with errno-13
D/dalvikvm(  982): GC_CONCURRENT freed 423K, 14% free 3350K/3888K, paused 8ms+5ms, total 123ms
D/dalvikvm(  982): WAIT_FOR_CONCURRENT_GC blocked 95ms
D/HttpDnsSDK(  982): 52 - VMStack.java:-2 - [getThreadStackTrace] - resolve host: res.yeshen.com, return: {"host":"res.yeshen.com","ips":["175.6.243.35"],"ttl":57,"origin_ttl":60}
I/qtaguid (  982): Untagging socket 69 failed errno=-13
W/NetworkManagementSocketTagger(  982): untagSocket(69) failed with errno -13
D/dalvikvm(  982): WAIT_FOR_CONCURRENT_GC blocked 82ms
D/dalvikvm(  982): WAIT_FOR_CONCURRENT_GC blocked 61ms
D/HttpDnsSDK(  982): 56 - VMStack.java:-2 - [getThreadStackTrace] - resolve host: res.src.yeshen.com, return: {"host":"res.src.yeshen.com","ips":[],"ttl":300}
I/qtaguid (  982): Untagging socket 71 failed errno=-13
W/NetworkManagementSocketTagger(  982): untagSocket(71) failed with errno -13
I/Choreographer(  734): Skipped 251 frames!  The application may be doing too much work on its main thread.
D/HttpDnsSDK(  982): 51 - VMStack.java:-2 - [getThreadStackTrace] - stat: XDDM9lFgd1oDALY7Q9eZVYLj
I/qtaguid (  982): Tagging socket 68 with tag a00500000000(40965) for uid -1 failed errno=-13
I/NetworkManagementSocketTagger(  982): tagSocketFd(68, 40965, -1) failed with errno-13
D/dalvikvm(  982): GC_CONCURRENT freed 390K, 12% free 3457K/3916K, paused 5ms+4ms, total 91ms
I/qtaguid (  982): Tagging socket 76 with tag a00500000000(40965) for uid -1 failed errno=-13
I/NetworkManagementSocketTagger(  982): tagSocketFd(76, 40965, -1) failed with errno-13
I/qtaguid (  982): Untagging socket 76 failed errno=-13
W/NetworkManagementSocketTagger(  982): untagSocket(76) failed with errno -13
I/qtaguid (  982): Tagging socket 76 with tag a00500000000(40965) for uid -1 failed errno=-13
I/NetworkManagementSocketTagger(  982): tagSocketFd(76, 40965, -1) failed with errno-13
I/qtaguid (  982): Untagging socket 76 failed errno=-13
W/NetworkManagementSocketTagger(  982): untagSocket(76) failed with errno -13
I/qtaguid (  982): Tagging socket 76 with tag a00500000000(40965) for uid -1 failed errno=-13
I/NetworkManagementSocketTagger(  982): tagSocketFd(76, 40965, -1) failed with errno-13
I/qtaguid (  982): Untagging socket 76 failed errno=-13
D/Event   (  982): No subscribers registered for event class com.bignox.app.store.hd.model.Game
D/Event   (  982): No subscribers registered for event class de.greenrobot.event.NoSubscriberEvent
D/Event   (  982): No subscribers registered for event class com.bignox.app.store.hd.model.Game
D/Event   (  982): No subscribers registered for event class de.greenrobot.event.NoSubscriberEvent
D/Event   (  982): No subscribers registered for event class com.bignox.app.store.hd.model.Game
D/Event   (  982): No subscribers registered for event class de.greenrobot.event.NoSubscriberEvent
D/Event   (  982): No subscribers registered for event class com.bignox.app.store.hd.model.Game
D/Event   (  982): No subscribers registered for event class de.greenrobot.event.NoSubscriberEvent
D/Event   (  982): No subscribers registered for event class com.bignox.app.store.hd.model.Game
D/Event   (  982): No subscribers registered for event class de.greenrobot.event.NoSubscriberEvent
D/Event   (  982): No subscribers registered for event class com.bignox.app.store.hd.model.Game
D/Event   (  982): No subscribers registered for event class de.greenrobot.event.NoSubscriberEvent
D/Event   (  982): No subscribers registered for event class com.bignox.app.store.hd.model.Game
D/Event   (  982): No subscribers registered for event class de.greenrobot.event.NoSubscriberEvent
D/Event   (  982): No subscribers registered for event class com.bignox.app.store.hd.model.Game
D/Event   (  982): No subscribers registered for event class de.greenrobot.event.NoSubscriberEvent
D/Event   (  982): No subscribers registered for event class com.bignox.app.store.hd.model.Game
D/Event   (  982): No subscribers registered for event class de.greenrobot.event.NoSubscriberEvent
I/com.bignox.app.store.hd.repositories.AppRepository(  982): delete app by package url :com.bignox.app.store.hd
W/NetworkManagementSocketTagger(  982): untagSocket(76) failed with errno -13
I/qtaguid (  982): Tagging socket 76 with tag a00500000000(40965) for uid -1 failed errno=-13
I/NetworkManagementSocketTagger(  982): tagSocketFd(76, 40965, -1) failed with errno-13
I/qtaguid (  982): Untagging socket 76 failed errno=-13
W/NetworkManagementSocketTagger(  982): untagSocket(76) failed with errno -13
I/qtaguid (  982): Tagging socket 76 with tag a00500000000(40965) for uid -1 failed errno=-13
I/NetworkManagementSocketTagger(  982): tagSocketFd(76, 40965, -1) failed with errno-13
I/qtaguid (  982): Untagging socket 76 failed errno=-13
W/NetworkManagementSocketTagger(  982): untagSocket(76) failed with errno -13
I/qtaguid (  982): Tagging socket 76 with tag a00500000000(40965) for uid -1 failed errno=-13
I/NetworkManagementSocketTagger(  982): tagSocketFd(76, 40965, -1) failed with errno-13
I/qtaguid (  982): Untagging socket 76 failed errno=-13
W/NetworkManagementSocketTagger(  982): untagSocket(76) failed with errno -13
D/HttpDnsSDK(  982): 51 - VMStack.java:-2 - [getThreadStackTrace] - get MAN response: {"t":1553603166120,"ret":"","success":"success"}
I/qtaguid (  982): Untagging socket 68 failed errno=-13
W/NetworkManagementSocketTagger(  982): untagSocket(68) failed with errno -13
D/Event   (  982): No subscribers registered for event class com.bignox.app.store.hd.providers.downloads.CountEvent
D/Event   (  982): No subscribers registered for event class de.greenrobot.event.NoSubscriberEvent
D/dalvikvm(  982): GC_CONCURRENT freed 376K, 11% free 3546K/3960K, paused 12ms+4ms, total 88ms
I/qtaguid (  982): Untagging socket 63 failed errno=-13
W/NetworkManagementSocketTagger(  982): untagSocket(63) failed with errno -13
D/Event   (  982): No subscribers registered for event class com.bignox.app.store.hd.model.Game
D/Event   (  982): No subscribers registered for event class de.greenrobot.event.NoSubscriberEvent
D/Event   (  982): No subscribers registered for event class com.bignox.app.store.hd.providers.downloads.CountEvent
D/Event   (  982): No subscribers registered for event class de.greenrobot.event.NoSubscriberEvent
I/qtaguid (  982): Untagging socket 70 failed errno=-13
W/NetworkManagementSocketTagger(  982): untagSocket(70) failed with errno -13
W/ContextImpl(  982): Calling a method in the system process without a qualified user: android.app.ContextImpl.sendBroadcast:1123 android.content.ContextWrapper.sendBroadcast:365 com.bignox.app.store.hd.asynctask.InitPackageMapTask.onPostExecute:284 com.bignox.app.store.hd.asynctask.InitPackageMapTask.onPostExecute:32 android.os.AsyncTask.finish:632 
D/Event   (  982): No subscribers registered for event class com.bignox.app.store.hd.providers.downloads.CountEvent
D/Event   (  982): No subscribers registered for event class de.greenrobot.event.NoSubscriberEvent
I/qtaguid (  982): Tagging socket 70 with tag dd102e4a00000000(-586142134) for uid -1 failed errno=-13
I/NetworkManagementSocketTagger(  982): tagSocketFd(70, -586142134, -1) failed with errno-13
I/qtaguid (  982): Tagging socket 76 with tag dd102e4a00000000(-586142134) for uid -1 failed errno=-13
I/NetworkManagementSocketTagger(  982): tagSocketFd(76, -586142134, -1) failed with errno-13
I/qtaguid (  982): Untagging socket 70 failed errno=-13
W/NetworkManagementSocketTagger(  982): untagSocket(70) failed with errno -13
V/RenderScript(  734): 0xb97c8480 Launching thread(s), CPUs 2
V/KeyguardHostView(  578): music state changed: 0
I/ActivityManager(  510): Displayed com.vphone.launcher/.Launcher: +14s502ms
W/ContextImpl(  510): Calling a method in the system process without a qualified user: android.app.ContextImpl.sendBroadcast:1123 com.android.server.InputMethodManagerService.hideCurrentInputLocked:1880 com.android.server.InputMethodManagerService.windowGainedFocus:1968 com.android.internal.view.IInputMethodManager$Stub.onTransact:221 com.android.server.InputMethodManagerService.onTransact:818 
I/dalvikvm(  734): Could not find method android.app.ActivityManager.removeTask, referenced from method com.vphone.launcher.service.CommonService.a
W/dalvikvm(  734): VFY: unable to resolve virtual method 292: Landroid/app/ActivityManager;.removeTask (I)Z
D/dalvikvm(  734): VFY: replacing opcode 0x6e at 0x0063
W/ContextImpl(  734): Calling a method in the system process without a qualified user: android.app.ContextImpl.startService:1492 android.content.ContextWrapper.startService:494 android.content.ContextWrapper.startService:494 com.vphone.launcher.providers.downloads.DownloadReceiver.a:188 com.vphone.launcher.providers.downloads.DownloadReceiver.onReceive:53 
I/Choreographer(  734): Skipped 75 frames!  The application may be doing too much work on its main thread.
D/CaptivePortalTracker(  510): DelayedCaptiveCheckState{ when=-10ms what=2 arg1=1 target=com.android.internal.util.StateMachine$SmHandler }
D/ConnectivityService(  510): setProvNotificationVisible: E visible=false networkType=1 extraInfo=null url=null
D/CaptivePortalTracker(  510): Checking http://216.58.199.110/generate_204
W/ActivityThread(  510): ClassLoader.loadClass: The class loader returned by Thread.getContextClassLoader() may fail for processes that host multiple applications. You should explicitly specify a context class loader. For example: Thread.setContextClassLoader(getClass().getClassLoader());
V/WebViewChromium(  734): Binding Chromium to the background looper Looper (main, tid 1) {4a763b60}
I/chromium(  734): [INFO:library_loader_hooks.cc(112)] Chromium logging enabled: level = 0, default verbosity = 0
I/BrowserProcessMain(  734): Initializing chromium process, renderers=0
I/qtaguid (  734): Tagging socket 69 with tag a334836b00000000(-1556839573) for uid -1 failed errno=-13
I/NetworkManagementSocketTagger(  734): tagSocketFd(69, -1556839573, -1) failed with errno-13
W/dalvikvm(  734): VFY: unable to find class referenced in signature (Ljava/nio/file/Path;)
W/dalvikvm(  734): VFY: unable to find class referenced in signature ([Ljava/nio/file/OpenOption;)
I/dalvikvm(  734): Could not find method java.nio.file.Files.newOutputStream, referenced from method okio.Okio.sink
W/dalvikvm(  734): VFY: unable to resolve static method 48027: Ljava/nio/file/Files;.newOutputStream (Ljava/nio/file/Path;[Ljava/nio/file/OpenOption;)Ljava/io/OutputStream;
D/dalvikvm(  734): VFY: replacing opcode 0x71 at 0x000a
W/dalvikvm(  734): VFY: unable to find class referenced in signature (Ljava/nio/file/Path;)
W/dalvikvm(  734): VFY: unable to find class referenced in signature ([Ljava/nio/file/OpenOption;)
I/dalvikvm(  734): Could not find method java.nio.file.Files.newInputStream, referenced from method okio.Okio.source
W/dalvikvm(  734): VFY: unable to resolve static method 48026: Ljava/nio/file/Files;.newInputStream (Ljava/nio/file/Path;[Ljava/nio/file/OpenOption;)Ljava/io/InputStream;
D/dalvikvm(  734): VFY: replacing opcode 0x71 at 0x000a
W/chromium(  734): [WARNING:proxy_service.cc(888)] PAC support disabled because there is no system implementation
D/dalvikvm(  578): GC_FOR_ALLOC freed 221K, 6% free 4536K/4824K, paused 29ms, total 30ms
I/dalvikvm-heap(  578): Grow heap (frag case) to 10.742MB for 6553612-byte allocation
D/dalvikvm(  578): GC_CONCURRENT freed 12K, 3% free 10924K/11228K, paused 3ms+6ms, total 42ms
D/AndroidRuntime( 1042): 
D/AndroidRuntime( 1042): >>>>>> AndroidRuntime START com.android.internal.os.RuntimeInit <<<<<<
D/dalvikvm(  734): GC_CONCURRENT freed 339K, 8% free 4774K/5180K, paused 81ms+4ms, total 189ms
D/dalvikvm(  734): WAIT_FOR_CONCURRENT_GC blocked 111ms
I/dalvikvm-heap(  734): Grow heap (frag case) to 5.330MB for 635808-byte allocation
D/dalvikvm(  734): GC_FOR_ALLOC freed <1K, 8% free 5394K/5804K, paused 28ms, total 46ms
W/WindowManager(  510): Window freeze timeout expired.
W/WindowManager(  510): Force clearing orientation change: Window{4a883618 u0 Keyguard}
W/WindowManager(  510): Force clearing orientation change: Window{4a8187c8 u0 com.android.systemui.ImageWallpaper}
D/AndroidRuntime( 1042): CheckJNI is OFF
D/dalvikvm( 1042): Using executionMode 2
D/dalvikvm( 1042): Trying to load lib libjavacore.so 0x0
D/dalvikvm( 1042): Added shared lib libjavacore.so 0x0
D/dalvikvm( 1042): Trying to load lib libnativehelper.so 0x0
D/dalvikvm( 1042): Added shared lib libnativehelper.so 0x0
D/dalvikvm( 1042): No JNI_OnLoad found in libnativehelper.so 0x0, skipping init
D/dalvikvm( 1042): Note: class Landroid/app/ActivityManagerNative; has 179 unimplemented (abstract) methods
I/Choreographer(  734): Skipped 116 frames!  The application may be doing too much work on its main thread.
I/qtaguid (  734): Tagging socket 68 with tag 7621e53e00000000(1981932862) for uid -1 failed errno=-13
I/NetworkManagementSocketTagger(  734): tagSocketFd(68, 1981932862, -1) failed with errno-13
I/qtaguid (  734): Tagging socket 91 with tag a334836b00000000(-1556839573) for uid -1 failed errno=-13
I/NetworkManagementSocketTagger(  734): tagSocketFd(91, -1556839573, -1) failed with errno-13
D/dalvikvm(  734): GC_CONCURRENT freed 765K, 14% free 5482K/6312K, paused 101ms+4ms, total 197ms
D/dalvikvm(  734): WAIT_FOR_CONCURRENT_GC blocked 13ms
E/memtrack( 1042): Couldn't load memtrack module (No such file or directory)
E/android.os.Debug( 1042): failed to load memtrack module: -2
I/qtaguid (  734): Tagging socket 93 with tag a334836b00000000(-1556839573) for uid -1 failed errno=-13
I/NetworkManagementSocketTagger(  734): tagSocketFd(93, -1556839573, -1) failed with errno-13
D/AndroidRuntime( 1042): Calling main entry com.android.commands.am.Am
D/AndroidRuntime( 1042): Shutting down VM
E/cutils-trace( 1042): Error opening trace file: No such file or directory (2)
D/dalvikvm( 1042): GC_CONCURRENT freed 98K, 15% free 585K/688K, paused 0ms+0ms, total 2ms
I/dalvikvm(  734): Could not find method android.widget.LinearLayout.<init>, referenced from method com.bigkoo.convenientbanner.ConvenientBanner.<init>
W/dalvikvm(  734): VFY: unable to resolve direct method 16863: Landroid/widget/LinearLayout;.<init> (Landroid/content/Context;Landroid/util/AttributeSet;II)V
D/dalvikvm(  734): VFY: replacing opcode 0x70 at 0x0002
D/dalvikvm(  734): GC_CONCURRENT freed 521K, 10% free 5842K/6428K, paused 111ms+19ms, total 264ms
D/dalvikvm(  734): WAIT_FOR_CONCURRENT_GC blocked 18ms
D/dalvikvm(  734): WAIT_FOR_CONCURRENT_GC blocked 24ms
D/dalvikvm(  734): WAIT_FOR_CONCURRENT_GC blocked 24ms
D/dalvikvm(  734): WAIT_FOR_CONCURRENT_GC blocked 27ms
I/Choreographer(  734): Skipped 87 frames!  The application may be doing too much work on its main thread.
V/KeyguardServiceDelegate(  510): **** SHOWN CALLED ****
I/Choreographer(  578): Skipped 418 frames!  The application may be doing too much work on its main thread.
D/su      ( 1099): su invoked.
D/su      ( 1099): starting daemon client 0 0
D/su      ( 1101): remote pid: 1099
D/su      ( 1101): remote pts_slave: 
D/su      ( 1101): waiting for child exit
D/su      ( 1103): su invoked.
D/su      ( 1103): Allowing root/system/radio.
D/su      ( 1103): 0 /system/bin/mksh executing 0 mkdir -p /mnt/sdcard/Apps using binary /system/bin/sh : sh -c mkdir -p /mnt/sdcard/Apps
D/su      ( 1101): sending code
D/su      ( 1099): client exited 0
D/su      ( 1101): child exited
D/su      ( 1110): su invoked.
D/su      ( 1110): starting daemon client 0 0
D/su      ( 1112): remote pid: 1110
D/su      ( 1112): remote pts_slave: 
D/su      ( 1112): waiting for child exit
D/su      ( 1114): su invoked.
D/su      ( 1114): Allowing root/system/radio.
D/su      ( 1114): 0 /system/bin/mksh executing 0 mkdir -p /mnt/sdcard/Images using binary /system/bin/sh : sh -c mkdir -p /mnt/sdcard/Images
D/su      ( 1112): sending code
D/su      ( 1112): child exited
D/su      ( 1110): client exited 0
W/ContextImpl(  734): Calling a method in the system process without a qualified user: android.app.ContextImpl.sendBroadcast:1123 android.content.ContextWrapper.sendBroadcast:365 com.vphone.launcher.Hotseat$19.onResponse:1640 com.vphone.launcher.network.GsonRequest.deliverResponse:52 com.android.volley.ExecutorDelivery$a.run:99 
D/su      ( 1126): su invoked.
D/su      ( 1126): starting daemon client 0 0
D/su      ( 1128): remote pid: 1126
D/su      ( 1128): remote pts_slave: 
D/su      ( 1128): waiting for child exit
D/su      ( 1130): su invoked.
D/su      ( 1130): Allowing root/system/radio.
D/su      ( 1130): 0 /system/bin/mksh executing 0 mkdir -p /mnt/sdcard/Others using binary /system/bin/sh : sh -c mkdir -p /mnt/sdcard/Others
D/su      ( 1128): sending code
D/su      ( 1128): child exited
D/su      ( 1126): client exited 0
D/su      ( 1135): su invoked.
D/su      ( 1135): starting daemon client 0 0
D/su      ( 1137): remote pid: 1135
D/su      ( 1137): remote pts_slave: 
D/su      ( 1137): waiting for child exit
D/su      ( 1139): su invoked.
D/su      ( 1139): Allowing root/system/radio.
D/su      ( 1139): 0 /system/bin/mksh executing 0 cp -rf /mnt/shared/Image/*.* /mnt/sdcard/Pictures/Screenshots using binary /system/bin/sh : sh -c cp -rf /mnt/shared/Image/*.* /mnt/sdcard/Pictures/Screenshots
D/su      ( 1137): sending code
D/su      ( 1137): child exited
D/su      ( 1135): client exited 1
D/dalvikvm(  734): GC_CONCURRENT freed 770K, 13% free 6002K/6840K, paused 73ms+3ms, total 150ms
I/Choreographer(  734): Skipped 64 frames!  The application may be doing too much work on its main thread.
D/dalvikvm(  734): GC_CONCURRENT freed 933K, 15% free 6122K/7120K, paused 178ms+14ms, total 295ms
D/dalvikvm(  734): WAIT_FOR_CONCURRENT_GC blocked 94ms
D/dalvikvm(  734): WAIT_FOR_CONCURRENT_GC blocked 97ms
D/AndroidRuntime( 1141): 
D/AndroidRuntime( 1141): >>>>>> AndroidRuntime START com.android.internal.os.RuntimeInit <<<<<<
I/qtaguid (  734): Tagging socket 96 with tag a334836b00000000(-1556839573) for uid -1 failed errno=-13
I/NetworkManagementSocketTagger(  734): tagSocketFd(96, -1556839573, -1) failed with errno-13
D/dalvikvm(  734): GC_FOR_ALLOC freed 402K, 14% free 6286K/7276K, paused 78ms, total 83ms
D/dalvikvm(  734): GC_FOR_ALLOC freed 191K, 15% free 6357K/7444K, paused 91ms, total 97ms
D/AndroidRuntime( 1141): CheckJNI is OFF
D/dalvikvm( 1141): Using executionMode 2
D/dalvikvm(  734): GC_FOR_ALLOC freed 86K, 15% free 6485K/7588K, paused 71ms, total 71ms
D/dalvikvm( 1141): Trying to load lib libjavacore.so 0x0
D/dalvikvm( 1141): Added shared lib libjavacore.so 0x0
D/dalvikvm( 1141): Trying to load lib libnativehelper.so 0x0
D/dalvikvm( 1141): Added shared lib libnativehelper.so 0x0
D/dalvikvm( 1141): No JNI_OnLoad found in libnativehelper.so 0x0, skipping init
D/dalvikvm( 1141): Note: class Landroid/app/ActivityManagerNative; has 179 unimplemented (abstract) methods
I/SurfaceFlinger(  164): Boot is finished (58737 ms)
D/dalvikvm(  734): GC_FOR_ALLOC freed 79K, 16% free 6474K/7660K, paused 39ms, total 139ms
I/dalvikvm-heap(  734): Grow heap (frag case) to 6.517MB for 140034-byte allocation
D/dalvikvm(  734): GC_FOR_ALLOC freed <1K, 16% free 6611K/7800K, paused 100ms, total 100ms
E/memtrack( 1141): Couldn't load memtrack module (No such file or directory)
E/android.os.Debug( 1141): failed to load memtrack module: -2
W/DebugConnManager(  734): getNetworkInfo() on networkType 1
D/AndroidRuntime( 1141): Calling main entry com.android.commands.settings.SettingsCmd
D/dalvikvm(  734): GC_FOR_ALLOC freed 806K, 15% free 6794K/7904K, paused 109ms, total 111ms
D/AndroidRuntime( 1141): Shutting down VM
E/cutils-trace( 1141): Error opening trace file: No such file or directory (2)
D/dalvikvm( 1141): GC_CONCURRENT freed 100K, 16% free 563K/664K, paused 0ms+7ms, total 15ms
D/dalvikvm(  734): GC_FOR_ALLOC freed 173K, 13% free 6953K/7904K, paused 36ms, total 38ms
I/dalvikvm-heap(  734): Grow heap (frag case) to 8.610MB for 1843212-byte allocation
D/dalvikvm(  734): GC_FOR_ALLOC freed 1K, 10% free 8752K/9708K, paused 127ms, total 127ms
W/DebugConnManager(  734): getNetworkInfo() on networkType 1
I/Choreographer(  734): Skipped 142 frames!  The application may be doing too much work on its main thread.
W/DebugConnManager(  734): getNetworkInfo() on networkType 1
W/DebugConnManager(  734): getNetworkInfo() on networkType 1
D/BluetoothManagerService(  510): Retrieving Bluetooth Adapter name and address...
D/BluetoothManagerService(  510): getNameAndAddress(): mBluetooth = null mBinding = false
D/BluetoothManagerService(  510): Message: 200
D/BluetoothManagerService(  510): MESSAGE_GET_NAME_AND_ADDRESS
D/BluetoothManagerService(  510): Binding to service to get name and address
E/BluetoothManagerService(  510): Fail to bind to: Intent { act=android.bluetooth.IBluetooth }
W/DebugConnManager(  734): getNetworkInfo() on networkType 1
D/BluetoothManagerService(  510): Message: 20
D/BluetoothManagerService(  510): Added callback: android.bluetooth.BluetoothAdapter$1@4a8bb0bc:true
E/BluetoothHeadset(  510): Could not bind to Bluetooth Headset Service with Intent { act=android.bluetooth.IBluetoothHeadset }
D/BluetoothManagerService(  510): Message: 30
D/dalvikvm(  734): GC_CONCURRENT freed 378K, 5% free 9740K/10160K, paused 106ms+197ms, total 540ms
D/dalvikvm(  734): WAIT_FOR_CONCURRENT_GC blocked 435ms
E/BluetoothA2dp(  510): Could not bind to Bluetooth A2DP Service with Intent { act=android.bluetooth.IBluetoothA2dp }
V/WiredAccessoryManager(  510): init()
D/BluetoothManagerService(  510): Message: 30
I/PowerManagerService(  510): Boot animation finished.
I/RecoverySystem(  510): No recovery log file
I/ActivityManager(  510): Start proc com.android.providers.calendar for broadcast com.android.providers.calendar/.CalendarReceiver: pid=1163 uid=10001 gids={50001, 3003, 1028, 1015, 1023}
D/dalvikvm(  165): GC_EXPLICIT freed 38K, 4% free 2843K/2948K, paused 3ms+1ms, total 54ms
I/BootReceiver(  510): Copying audit failures to DropBox
I/BootReceiver(  510): Checking for fsck errors
D/dalvikvm(  165): GC_EXPLICIT freed <1K, 4% free 2843K/2948K, paused 2ms+5ms, total 58ms
D/dalvikvm(  165): GC_EXPLICIT freed <1K, 4% free 2843K/2948K, paused 1ms+1ms, total 31ms
D/dalvikvm(  734): GC_FOR_ALLOC freed 735K, 10% free 10804K/11964K, paused 240ms, total 240ms
D/dalvikvm(  734): GC_FOR_ALLOC freed 1884K, 24% free 9630K/12536K, paused 173ms, total 174ms
I/Choreographer(  578): Skipped 255 frames!  The application may be doing too much work on its main thread.
D/dalvikvm(  510): GC_CONCURRENT freed 392K, 9% free 5356K/5824K, paused 13ms+328ms, total 850ms
D/dalvikvm(  734): GC_FOR_ALLOC freed 60K, 9% free 11433K/12536K, paused 115ms, total 115ms
I/dalvikvm( 1163): ignoring registerObject request in thread=1
I/dalvikvm( 1163): ignoring registerObject request in thread=1
W/DebugConnManager(  734): getNetworkInfo() on networkType 1
I/CalendarProvider2( 1163): Created com.android.providers.calendar.CalendarAlarmManager@4a772f30(com.android.providers.calendar.CalendarProvider2@4a76ee18)
D/PhoneStatusBar(  578): disable: < EXPAND icons alerts TICKER system_info BACK* HOME* RECENT CLOCK* SEARCH >
I/ActivityManager(  510): Delay finish: com.android.providers.downloads/.DownloadReceiver
V/KeyguardHostView(  578): Initial transport state: 1, pbstate=0
D/dalvikvm(  734): GC_CONCURRENT freed 5442K, 39% free 8857K/14364K, paused 83ms+16ms, total 213ms
D/dalvikvm(  734): WAIT_FOR_CONCURRENT_GC blocked 81ms
D/dalvikvm(  734): WAIT_FOR_CONCURRENT_GC blocked 77ms
V/KeyguardHostView(  578): music state changed: 0
I/Choreographer(  578): Skipped 98 frames!  The application may be doing too much work on its main thread.
I/ActivityManager(  510): Resuming delayed broadcast
I/ActivityManager(  510): Delay finish: com.android.providers.media/.MediaScannerReceiver
I/CalendarProvider2( 1163): Sending notification intent: Intent { act=android.intent.action.PROVIDER_CHANGED dat=content://com.android.calendar }
