W/ContentResolver( 1163): Failed to get type for: content://com.android.calendar (Unknown URL content://com.android.calendar)
I/ActivityManager(  510): Resuming delayed broadcast
I/ActivityManager(  510): Start proc com.android.onetimeinitializer for broadcast com.android.onetimeinitializer/.OneTimeInitializerReceiver: pid=1206 uid=10007 gids={50007}
D/dalvikvm(  734): GC_CONCURRENT freed 2023K, 39% free 8839K/14364K, paused 38ms+3ms, total 110ms
D/dalvikvm(  734): WAIT_FOR_CONCURRENT_GC blocked 53ms
I/dalvikvm( 1206): ignoring registerObject request in thread=1
I/dalvikvm( 1206): ignoring registerObject request in thread=1
V/OneTimeInitializerRece( 1206): OneTimeInitializerReceiver.onReceive
I/ActivityManager(  510): Delay finish: com.android.onetimeinitializer/.OneTimeInitializerReceiver
I/ActivityManager(  510): Resuming delayed broadcast
D/dalvikvm(  841): JIT code cache reset in 0 ms (0 bytes 1/0)
D/dalvikvm(  841): GC_CONCURRENT freed 222K, 9% free 3020K/3308K, paused 2ms+7ms, total 49ms
W/ContextImpl(  982): Calling a method in the system process without a qualified user: android.app.ContextImpl.startService:1492 android.content.ContextWrapper.startService:494 android.content.ContextWrapper.startService:494 com.bignox.app.store.hd.providers.downloads.DownloadReceiver.startService:188 com.bignox.app.store.hd.providers.downloads.DownloadReceiver.onReceive:48 
I/ActivityManager(  510): Delay finish: com.bignox.app.store.hd/.providers.downloads.DownloadReceiver
D/CaptivePortalTracker(  510): Probably not a portal: exception java.net.SocketTimeoutException: failed to connect to /216.58.199.110 (port 80) after 10000ms
D/CaptivePortalTracker(  510): Don't send network conditions - lacking user consent.
D/CaptivePortalTracker(  510): Not captive network NetworkInfo: type: WIFI[], state: CONNECTED/CONNECTED, reason: (unspecified), extra: "AndroidAP", roaming: false, failover: false, isAvailable: true, isConnectedToProvisioningNetwork: false
D/CaptivePortalTracker(  510): notifyPortalCheckCompleted: captive=false ni=NetworkInfo: type: WIFI[], state: CONNECTED/CONNECTED, reason: (unspecified), extra: "AndroidAP", roaming: false, failover: false, isAvailable: true, isConnectedToProvisioningNetwork: false
D/Event   (  982): No subscribers registered for event class com.bignox.app.store.hd.providers.downloads.CountEvent
D/Event   (  982): No subscribers registered for event class de.greenrobot.event.NoSubscriberEvent
D/ConnectivityService(  510): captivePortalCheckCompleted: ni=NetworkInfo: type: WIFI[], state: CONNECTED/CONNECTED, reason: (unspecified), extra: "AndroidAP", roaming: false, failover: false, isAvailable: true, isConnectedToProvisioningNetwork: false captive=false
I/ActivityManager(  510): Resuming delayed broadcast
D/        (  510): HostConnection::get() New Host Connection established 0xb95ec230, tid 523
D/dalvikvm(  734): GC_CONCURRENT freed 1972K, 39% free 8868K/14364K, paused 9ms+16ms, total 110ms
D/dalvikvm(  734): WAIT_FOR_CONCURRENT_GC blocked 77ms
I/Choreographer(  734): Skipped 165 frames!  The application may be doing too much work on its main thread.
D/dalvikvm(  734): GC_CONCURRENT freed 1841K, 38% free 8986K/14364K, paused 10ms+12ms, total 132ms
D/dalvikvm(  734): WAIT_FOR_CONCURRENT_GC blocked 123ms
D/MediaProvider(  841): object removed 613
D/MediaProvider(  841): object removed 614
D/MediaProvider(  841): object removed 615
D/dalvikvm(  734): GC_CONCURRENT freed 637K, 28% free 10397K/14364K, paused 20ms+13ms, total 118ms
D/dalvikvm(  734): WAIT_FOR_CONCURRENT_GC blocked 47ms
D/dalvikvm(  734): WAIT_FOR_CONCURRENT_GC blocked 52ms
D/dalvikvm(  734): WAIT_FOR_CONCURRENT_GC blocked 61ms
D/dalvikvm(  841): GC_CONCURRENT freed 273K, 10% free 3138K/3476K, paused 10ms+24ms, total 140ms
D/dalvikvm(  734): GC_CONCURRENT freed 920K, 17% free 11997K/14364K, paused 38ms+8ms, total 109ms
D/dalvikvm(  734): WAIT_FOR_CONCURRENT_GC blocked 71ms
D/dalvikvm(  734): WAIT_FOR_CONCURRENT_GC blocked 70ms
D/dalvikvm(  734): WAIT_FOR_CONCURRENT_GC blocked 70ms
D/dalvikvm(  734): WAIT_FOR_CONCURRENT_GC blocked 82ms
D/dalvikvm(  734): GC_FOR_ALLOC freed 862K, 11% free 13483K/15092K, paused 108ms, total 111ms
I/ActivityManager(  510): Waited long enough for: ServiceRecord{4a82e0c8 u0 com.bignox.app.store.hd/.services.StoreService}
D/dalvikvm(  734): GC_FOR_ALLOC freed 1245K, 9% free 15597K/17084K, paused 97ms, total 108ms
D/dalvikvm(  841): GC_CONCURRENT freed 329K, 11% free 3201K/3596K, paused 28ms+3ms, total 92ms
D/SettingsProvider(  510): User 0 external modification to /data/data/com.android.providers.settings/databases/settings.db; event=8
D/SettingsProvider(  510): User 0 updating our caches for /data/data/com.android.providers.settings/databases/settings.db
D/dalvikvm(  734): GC_CONCURRENT freed 1634K, 9% free 18275K/19876K, paused 6ms+122ms, total 256ms
D/dalvikvm(  734): WAIT_FOR_CONCURRENT_GC blocked 64ms
D/dalvikvm(  734): WAIT_FOR_CONCURRENT_GC blocked 277ms
I/Choreographer(  578): Skipped 32 frames!  The application may be doing too much work on its main thread.
I/AudioMixer(  167): found effect "Multichannel Downmix To Stereo" from The Android Open Source Project
D/PhoneStatusBar(  578): disable: < expand* icons alerts ticker* system_info back* home* recent* clock* search* >
D/dalvikvm(  734): GC_CONCURRENT freed 2490K, 11% free 20929K/23484K, paused 75ms+20ms, total 209ms
D/dalvikvm(  734): WAIT_FOR_CONCURRENT_GC blocked 103ms
D/dalvikvm(  734): WAIT_FOR_CONCURRENT_GC blocked 124ms
D/dalvikvm(  841): GC_CONCURRENT freed 395K, 13% free 3196K/3656K, paused 40ms+12ms, total 202ms
D/dalvikvm(  734): GC_CONCURRENT freed 2922K, 12% free 24036K/27024K, paused 168ms+173ms, total 485ms
D/dalvikvm(  734): WAIT_FOR_CONCURRENT_GC blocked 303ms
D/dalvikvm(  734): WAIT_FOR_CONCURRENT_GC blocked 332ms
D/dalvikvm(  734): WAIT_FOR_CONCURRENT_GC blocked 335ms
D/dalvikvm(  734): WAIT_FOR_CONCURRENT_GC blocked 344ms
W/InputMethodManagerService(  510): Window already focused, ignoring focus gain of: com.android.internal.view.IInputMethodClient$Stub$Proxy@4a89bb9c attribute=null, token = android.os.BinderProxy@4a8a7718
W/ContextImpl(  734): Calling a method in the system process without a qualified user: android.app.ContextImpl.startService:1492 android.content.ContextWrapper.startService:494 android.content.ContextWrapper.startService:494 com.vphone.launcher.providers.downloads.DownloadReceiver.a:188 com.vphone.launcher.providers.downloads.DownloadReceiver.onReceive:48 
D/BluetoothAdapter(  708): 1249294180: getState() :  mService = null. Returning STATE_OFF
D/AlarmManagerService(  510): Kernel timezone updated to -480 minutes west of GMT
V/MediaScanner(  841): pruneDeadThumbnailFiles... android.database.sqlite.SQLiteCursor@4a7a83c4
V/MediaScanner(  841): /pruneDeadThumbnailFiles... android.database.sqlite.SQLiteCursor@4a7a83c4
W/DebugConnManager(  734): getNetworkInfo() on networkType 1
E/NOX     (   68): recv() error
D/NOX     (   68): Socket read error
D/SettingsProvider(  510): User 0 external modification to /data/data/com.android.providers.settings/databases/settings.db; event=8
D/SettingsProvider(  510): User 0 updating our caches for /data/data/com.android.providers.settings/databases/settings.db
E/BandwidthController(  160): Updating quota globalAlert failed (No such file or directory)
W/NetworkStats(  510): problem registering for global alert: java.lang.IllegalStateException: command '19 bandwidth setglobalalert 2097152' failed with '400 19 Bandwidth command failed'
D/MobileDataStateTracker(  510): default: setPolicyDataEnable(enabled=true)
D/ConnectivityService(  510): Sampling interval elapsed, updating statistics ..
D/ConnectivityService(  510): Done.
D/ConnectivityService(  510): Setting timer for 720seconds
D/dalvikvm(  510): GC_CONCURRENT freed 512K, 10% free 5384K/5972K, paused 39ms+17ms, total 135ms
E/shadowsocks(  933): getpeername: Transport endpoint is not connected
I/Choreographer(  578): Skipped 61 frames!  The application may be doing too much work on its main thread.
D/SettingsProvider(  510): User 0 external modification to /data/data/com.android.providers.settings/databases/settings.db; event=8
D/SettingsProvider(  510): User 0 updating our caches for /data/data/com.android.providers.settings/databases/settings.db
E/shadowsocks(  933): getpeername: Transport endpoint is not connected
D/SettingsProvider(  510): User 0 external modification to /data/data/com.android.providers.settings/databases/settings.db; event=8
D/SettingsProvider(  510): User 0 updating our caches for /data/data/com.android.providers.settings/databases/settings.db
D/SettingsProvider(  510): User 0 external modification to /data/data/com.android.providers.settings/databases/settings.db; event=8
D/SettingsProvider(  510): User 0 updating our caches for /data/data/com.android.providers.settings/databases/settings.db
I/Choreographer(  578): Skipped 61 frames!  The application may be doing too much work on its main thread.
E/shadowsocks(  933): control recv: Connection reset by peer
E/shadowsocks(  933): control recv: Connection reset by peer
E/shadowsocks(  933): send: Connection reset by peer
D/dalvikvm(  578): GC_CONCURRENT freed 8296K, 62% free 5199K/13560K, paused 31ms+3ms, total 53ms
D/dalvikvm(  510): GC_CONCURRENT freed 551K, 11% free 5348K/5980K, paused 10ms+8ms, total 78ms
E/shadowsocks( 1263): server recv: Connection reset by peer
E/shadowsocks(  933): send: Connection reset by peer
E/shadowsocks(  933): send: Connection reset by peer
D/ConnectivityService(  510): Sampling interval elapsed, updating statistics ..
D/ConnectivityService(  510): Done.
D/ConnectivityService(  510): Setting timer for 720seconds
D/dalvikvm(  578): GC_CONCURRENT freed 739K, 63% free 5122K/13560K, paused 4ms+2ms, total 37ms
E/shadowsocks( 1263): server recv: Connection reset by peer
E/shadowsocks(  933): getpeername: Transport endpoint is not connected
D/dalvikvm(  578): GC_CONCURRENT freed 635K, 63% free 5121K/13492K, paused 60ms+1ms, total 102ms
