W/PackageManager(  510): Unknown permission com.huawei.launcher2.permission.WRITE_SETTINGS in package com.tencent.mtt.x86
W/PackageManager(  510): Unknown permission com.huawei.launcher3.permission.READ_SETTINGS in package com.tencent.mtt.x86
W/PackageManager(  510): Unknown permission com.huawei.launcher3.permission.WRITE_SETTINGS in package com.tencent.mtt.x86
W/PackageManager(  510): Unknown permission net.qihoo.launcher.permission.READ_SETTINGS in package com.tencent.mtt.x86
W/PackageManager(  510): Unknown permission net.qihoo.launcher.permission.WRITE_SETTINGS in package com.tencent.mtt.x86
W/PackageManager(  510): Unknown permission com.dianxinos.dxhome.permission.READ_SETTINGS in package com.tencent.mtt.x86
W/PackageManager(  510): Unknown permission com.dianxinos.dxhome.permission.WRITE_SETTINGS in package com.tencent.mtt.x86
W/PackageManager(  510): Unknown permission com.huawei.android.launcher.permission.READ_SETTINGS in package com.tencent.mtt.x86
W/PackageManager(  510): Unknown permission com.huawei.android.launcher.permission.WRITE_SETTINGS in package com.tencent.mtt.x86
W/PackageManager(  510): Unknown permission com.qihoo360.launcher.permission.READ_SETTINGS in package com.tencent.mtt.x86
W/PackageManager(  510): Unknown permission com.qihoo360.launcher.permission.WRITE_SETTINGS in package com.tencent.mtt.x86
W/PackageManager(  510): Unknown permission com.oppo.launcher.permission.READ_SETTINGS in package com.tencent.mtt.x86
W/PackageManager(  510): Unknown permission com.oppo.launcher.permission.WRITE_SETTINGS in package com.tencent.mtt.x86
W/PackageManager(  510): Unknown permission com.ztemt.launcher.permission.READ_SETTINGS in package com.tencent.mtt.x86
W/PackageManager(  510): Unknown permission com.ztemt.launcher.permission.WRITE_SETTINGS in package com.tencent.mtt.x86
W/PackageManager(  510): Unknown permission com.lenovo.launcher.permission.READ_SETTINGS in package com.tencent.mtt.x86
W/PackageManager(  510): Unknown permission com.lenovo.launcher.permission.WRITE_SETTINGS in package com.tencent.mtt.x86
W/PackageManager(  510): Unknown permission com.android.launcher3.permission.READ_SETTINGS in package com.tencent.mtt.x86
W/PackageManager(  510): Unknown permission com.android.launcher3.permission.WRITE_SETTINGS in package com.tencent.mtt.x86
W/PackageManager(  510): Unknown permission com.moxiu.launcher.permission.READ_SETTINGS in package com.tencent.mtt.x86
W/PackageManager(  510): Unknown permission com.moxiu.launcher.permission.WRITE_SETTINGS in package com.tencent.mtt.x86
W/PackageManager(  510): Unknown permission com.iLoong.permission.READ_SETTINGS in package com.tencent.mtt.x86
W/PackageManager(  510): Unknown permission com.iLoong.permission.WRITE_SETTINGS in package com.tencent.mtt.x86
W/PackageManager(  510): Unknown permission telecom.mdesk.permission.READ_SETTINGS in package com.tencent.mtt.x86
W/PackageManager(  510): Unknown permission telecom.mdesk.permission.WRITE_SETTINGS in package com.tencent.mtt.x86
W/PackageManager(  510): Unknown permission com.tencent.tmsecurelite.permission.ACCESS_SERVICE in package com.tencent.mtt.x86
W/PackageManager(  510): Not granting permission android.permission.BIND_ACCESSIBILITY_SERVICE to package com.tencent.mtt.x86 (protectionLevel=2 flags=0x183e44)
W/PackageManager(  510): Unknown permission com.android.ContactWidget.permission.READ_SETTINGS in package com.tencent.mtt.x86
W/PackageManager(  510): Unknown permission com.android.ContactWidget.permission.WRITE_SETTINGS in package com.tencent.mtt.x86
W/PackageManager(  510): Not granting permission android.permission.INTERACT_ACROSS_USERS to package com.tencent.mtt.x86 (protectionLevel=50 flags=0x183e44)
W/PackageManager(  510): Not granting permission android.permission.INTERACT_ACROSS_USERS_FULL to package com.tencent.mtt.x86 (protectionLevel=2 flags=0x183e44)
W/PackageManager(  510): Not granting permission android.permission.MOUNT_UNMOUNT_FILESYSTEMS to package com.tencent.mtt.x86 (protectionLevel=18 flags=0x183e44)
W/PackageManager(  510): Unknown permission com.lenovo.launcher.permission.BADGE_READ in package com.tencent.mtt.x86
W/PackageManager(  510): Unknown permission com.lenovo.launcher.permission.BADGE_WRITE in package com.tencent.mtt.x86
W/PackageManager(  510): Unknown permission com.huawei.android.launcher.permission.CHANGE_BADGE in package com.tencent.mtt.x86
W/PackageManager(  510): Not granting permission android.permission.CHANGE_CONFIGURATION to package com.tencent.wstt.gt (protectionLevel=50 flags=0x2083e44)
W/PackageManager(  510): Not granting permission android.permission.MOUNT_UNMOUNT_FILESYSTEMS to package com.tencent.wstt.gt (protectionLevel=18 flags=0x2083e44)
W/PackageManager(  510): Not granting permission android.permission.BATTERY_STATS to package com.tencent.wstt.gt (protectionLevel=18 flags=0x2083e44)
W/PackageManager(  510): Unknown permission com.android.launcher.permission.READ_SETTINGS in package com.tencent.wstt.gt
W/PackageManager(  510): Unknown permission com.android.launcher.permission.WRITE_SETTINGS in package com.tencent.wstt.gt
W/PackageManager(  510): Not granting permission android.permission.SET_KEYBOARD_LAYOUT to package com.tencent.wstt.gt (protectionLevel=2 flags=0x2083e44)
W/PackageManager(  510): Unknown permission android.permission.WRITE_OWNER_DATA in package com.tencent.wstt.gt
W/PackageManager(  510): Unknown permission android.permission.READ_OWNER_DATA in package com.tencent.wstt.gt
W/PackageManager(  510): Not granting permission android.permission.READ_LOGS to package com.tencent.wstt.gt (protectionLevel=50 flags=0x2083e44)
W/PackageManager(  510): Not granting permission android.permission.ACCESS_CHECKIN_PROPERTIES to package com.tencent.wstt.gt (protectionLevel=18 flags=0x2083e44)
W/PackageManager(  510): Not granting permission android.permission.FACTORY_TEST to package com.tencent.wstt.gt (protectionLevel=2 flags=0x2083e44)
W/PackageManager(  510): Not granting permission android.permission.ACCESS_SURFACE_FLINGER to package com.tencent.wstt.gt (protectionLevel=2 flags=0x2083e44)
D/dalvikvm(  510): GC_CONCURRENT freed 360K, 10% free 4127K/4552K, paused 2ms+5ms, total 28ms
D/dalvikvm(  510): GC_EXPLICIT freed 188K, 11% free 4095K/4552K, paused 10ms+5ms, total 113ms
I/SystemServer(  510): Entropy Mixer
I/EntropyMixer(  510): Writing entropy...
I/SystemServer(  510): User Service
I/SystemServer(  510): Account Manager
I/SystemServer(  510): Content Manager
I/SystemServer(  510): System Content Providers
W/SettingsProvider(  510): set ANDROID_ID from persist.nox.androidid
I/SystemServer(  510): Lights Service
I/SystemServer(  510): Battery Service
E/ConsumerIrService(  510): Can't open consumer IR HW Module, error: -2
W/libsuspend(  510): Error writing 'on' to /sys/power/state: Invalid argument
E/libsuspend(  510): Error opening /sys/power/autosleep: No such file or directory
E/libsuspend(  510): Error opening /sys/power/wakeup_count: Permission denied
E/libsuspend(  510): failed to initialize autosuspend
I/SystemServer(  510): Vibrator Service
I/SystemServer(  510): Consumer IR Service
D/PermissionCache(  164): checking android.permission.ACCESS_SURFACE_FLINGER for uid=1000 => granted (2490 us)
D/SurfaceFlinger(  164): Screen acquired, type=0 flinger=0xb857e820
D/SurfaceFlinger(  164):  screen was previously acquired
D/AlarmManagerService(  510): Kernel timezone updated to -480 minutes west of GMT
I/SystemServer(  510): Alarm Manager
I/SystemServer(  510): Init Watchdog
I/SystemServer(  510): Input Manager
I/InputManager(  510): Initializing input manager, mUseDevInputEventForAudioJack=false
I/SystemServer(  510): Window Manager
D/dalvikvm(  510): GC_CONCURRENT freed 260K, 8% free 4248K/4584K, paused 25ms+9ms, total 82ms
I/WindowManager(  510): No existing display settings /data/system/display_settings.xml; starting empty
I/WindowManager(  510): No keyguard interface!
I/InputManager(  510): Starting input manager
D/EventHub(  510): No input device configuration file found for device 'seamless mouse'.
I/EventHub(  510): New device: id=1, fd=86, path='/dev/input/event8', name='seamless mouse', classes=0x4, configuration='', keyLayout='', keyCharacterMap='', builtinKeyboard=false, usingSuspendBlockIoctl=true, usingClockIoctl=true
E/EventHub(  510): could not get driver version for /dev/input/mouse3, Not a typewriter
I/InputManager-JNI(  510): Setting show touches feature to enabled.
I/SystemServer(  510): Bluetooth Manager Service
D/BluetoothManagerService(  510): Loading stored name and address
D/BluetoothManagerService(  510): Stored bluetooth Name=null,Address=null
I/SystemServer(  510): Input Method Service
W/InputMethodManagerService(  510): Couldn't create dir.: /data/system/inputmethod
D/EventHub(  510): No input device configuration file found for device 'mouse'.
I/EventHub(  510): New device: id=2, fd=87, path='/dev/input/event7', name='mouse', classes=0x8, configuration='', keyLayout='', keyCharacterMap='', builtinKeyboard=false, usingSuspendBlockIoctl=true, usingClockIoctl=true
E/EventHub(  510): could not get driver version for /dev/input/mouse2, Not a typewriter
W/EventHub(  510): Unable to disable kernel key repeat for /dev/input/event6: Function not implemented
I/EventHub(  510): Virtual keyboard mode is |0] [0]
I/EventHub(  510): Vrtual keyboard is set to Hardware mode
I/EventHub(  510): New device: id=3, fd=89, path='/dev/input/event6', name='Android Input', classes=0x37, configuration='/system/usr/idc/Android_Input.idc', keyLayout='/system/usr/keylayout/Android_Input.kl', keyCharacterMap='/system/usr/keychars/Generic.kcm', builtinKeyboard=false, usingSuspendBlockIoctl=true, usingClockIoctl=true
E/EventHub(  510): could not get driver version for /dev/input/mouse1, Not a typewriter
I/SystemServer(  510): Accessibility Manager
D/EventHub(  510): No input device configuration file found for device 'gpio-keys'.
I/ActivityManager(  510): Config changes=1dfb {1.0 460mcc7mnc zh_CN ldltr sw480dp w480dp h853dp 240dpi lrg long port ?uimode ?night -touch -keyb/v/h -nav/h s.2}
W/EventHub(  510): Unable to disable kernel key repeat for /dev/input/event5: Function not implemented
I/EventHub(  510): Virtual keyboard mode is |0] [0]
I/EventHub(  510): Vrtual keyboard is set to Hardware mode
I/EventHub(  510): New device: id=4, fd=91, path='/dev/input/event5', name='gpio-keys', classes=0x81, configuration='', keyLayout='/system/usr/keylayout/gpio-keys.kl', keyCharacterMap='/system/usr/keychars/gpio-keys.kcm', builtinKeyboard=false, usingSuspendBlockIoctl=true, usingClockIoctl=true
I/EventHub(  510): ignoring event id /dev/input/event4 driver VirtualBox mouse integration
D/EventHub(  510): No input device configuration file found for device 'Sleep Button'.
W/EventHub(  510): Unable to disable kernel key repeat for /dev/input/event1: Function not implemented
I/EventHub(  510): Virtual keyboard mode is |0] [0]
I/EventHub(  510): Vrtual keyboard is set to Hardware mode
I/EventHub(  510): New device: id=5, fd=92, path='/dev/input/event1', name='Sleep Button', classes=0x1, configuration='', keyLayout='/system/usr/keylayout/Generic.kl', keyCharacterMap='/system/usr/keychars/Generic.kcm', builtinKeyboard=false, usingSuspendBlockIoctl=true, usingClockIoctl=true
D/EventHub(  510): No input device configuration file found for device 'Power Button'.
D/SurfaceFlinger(  164): setOrientation, mFbdev=0xb8580de0, mFbDev->setOrientation=0xb6910d70, orientation=0
I/gralloc_nox(  164): setOrientation: orientation=0
W/EventHub(  510): Unable to disable kernel key repeat for /dev/input/event0: Function not implemented
I/EventHub(  510): Virtual keyboard mode is |0] [0]
I/EventHub(  510): Vrtual keyboard is set to Hardware mode
I/EventHub(  510): New device: id=6, fd=93, path='/dev/input/event0', name='Power Button', classes=0x1, configuration='', keyLayout='/system/usr/keylayout/Generic.kl', keyCharacterMap='/system/usr/keychars/Generic.kcm', builtinKeyboard=false, usingSuspendBlockIoctl=true, usingClockIoctl=true
E/EventHub(  510): could not get driver version for /dev/input/mouse0, Not a typewriter
I/ActivityManager(  510): Config changes=400 {1.0 460mcc7mnc zh_CN ldltr sw480dp w480dp h828dp 240dpi lrg long port ?uimode ?night -touch -keyb/v/h -nav/h s.3}
I/SystemServer(  510): Mount Service
I/EventHub(  510): ignoring event id /dev/input/event3 driver ImExPS/2 Generic Explorer Mouse
D/MountService(  510): got storage path: /mnt/sdcard description: SD  primary: true removable: false emulated: true mtpReserve: 100 allowMassStorage: false maxFileSize: 0
D/MountService(  510): addVolumeLocked() StorageVolume:
D/MountService(  510):     mStorageId=65537 mPath=/storage/emulated/0 mDescriptionId=17040662 
D/MountService(  510):     mPrimary=true mRemovable=false mEmulated=true mMtpReserveSpace=100 
D/MountService(  510):     mAllowMassStorage=false mMaxFileSize=0 mOwner=UserHandle{0} mUuid=null 
D/MountService(  510):     mUserLabel=null mState=null 
D/EventHub(  510): No input device configuration file found for device 'AT Translated Set 2 keyboard'.
I/EventHub(  510): Virtual keyboard mode is |0] [0]
I/EventHub(  510): Vrtual keyboard is set to Hardware mode
I/EventHub(  510): New device: id=7, fd=97, path='/dev/input/event2', name='AT Translated Set 2 keyboard', classes=0x3, configuration='', keyLayout='/system/usr/keylayout/AT_Translated_Set_2_keyboard.kl', keyCharacterMap='/system/usr/keychars/Generic.kcm', builtinKeyboard=false, usingSuspendBlockIoctl=true, usingClockIoctl=true
E/EventHub(  510): could not get driver version for /dev/input/mice, Not a typewriter
I/SystemServer(  510): LockSettingsService
I/SystemServer(  510): Device Policy
I/SystemServer(  510): Status Bar
I/SystemServer(  510): Clipboard Service
I/SystemServer(  510): NetworkManagement Service
I/PackageManager(  510): No secure containers on sdcard
W/PackageManager(  510): Unknown permission android.permission.REQUEST_INSTALL_PACKAGES in package de.robv.android.xposed.installer
W/PackageManager(  510): Unknown permission com.android.smspush.WAPPUSH_MANAGER_BIND in package com.android.phone
W/PackageManager(  510): Not granting permission android.permission.SET_ANIMATION_SCALE to package io.appium.settings (protectionLevel=50 flags=0x208be46)
W/PackageManager(  510): Not granting permission android.permission.CHANGE_CONFIGURATION to package io.appium.settings (protectionLevel=50 flags=0x208be46)
I/SystemServer(  510): Text Service Manager Service
W/PackageManager(  510): Not granting permission android.permission.MOUNT_UNMOUNT_FILESYSTEMS to package com.xxzb.fenwoo (protectionLevel=18 flags=0x2083e44)
W/PackageManager(  510): Not granting permission android.permission.READ_LOGS to package com.xxzb.fenwoo (protectionLevel=50 flags=0x2083e44)
W/PackageManager(  510): Not granting permission android.permission.ACCESS_DOWNLOAD_MANAGER to package com.xxzb.fenwoo (protectionLevel=18 flags=0x2083e44)
W/PackageManager(  510): Unknown permission com.google.android.googleapps.permission.GOOGLE_AUTH in package com.android.providers.calendar
W/PackageManager(  510): Unknown permission com.google.android.googleapps.permission.GOOGLE_AUTH.cl in package com.android.providers.calendar
W/PackageManager(  510): Unknown permission com.android.launcher.permission.READ_SETTINGS in package com.android.onetimeinitializer
W/PackageManager(  510): Unknown permission com.android.launcher.permission.WRITE_SETTINGS in package com.android.onetimeinitializer
W/PackageManager(  510): Unknown permission com.cyanogenmod.filemanager.permissions.READ_THEME in package com.cyanogenmod.filemanager
W/PackageManager(  510): Not granting permission android.permission.MOUNT_UNMOUNT_FILESYSTEMS to package com.lemon.lemonban (protectionLevel=18 flags=0x248be44)
W/PackageManager(  510): Unknown permission com.android.launcher.permission.READ_SETTINGS in package com.bignox.app.store.hd
W/PackageManager(  510): Unknown permission com.android.launcher.permission.WRITE_SETTINGS in package com.bignox.app.store.hd
W/PackageManager(  510): Unknown permission com.google.android.googleapps.permission.GOOGLE_AUTH in package com.android.settings
I/InputReader(  510): Device added: id=-1, name='Virtual', sources=0x00000301
I/InputReader(  510): Device added: id=7, name='AT Translated Set 2 keyboard', sources=0x00000101
I/InputReader(  510): Device added: id=6, name='Power Button', sources=0x00000101
I/InputReader(  510): Device added: id=5, name='Sleep Button', sources=0x00000101
I/InputReader(  510): Device added: id=4, name='gpio-keys', sources=0x80000101
I/InputReader(  510):   Touch device 'Android Input' could not query the properties of its associated display.  The device will be inoperable until the display size becomes available.
I/InputReader(  510): Device added: id=3, name='Android Input', sources=0x00001303
W/PackageManager(  510): Unknown permission com.android.launcher.permission.READ_SETTINGS in package com.android.settings
W/PackageManager(  510): Unknown permission com.android.launcher.permission.WRITE_SETTINGS in package com.android.settings
W/PackageManager(  510): Unknown permission com.android.launcher.permission.READ_SETTINGS in package com.tencent.mtt.x86
W/PackageManager(  510): Unknown permission com.android.launcher.permission.WRITE_SETTINGS in package com.tencent.mtt.x86
W/PackageManager(  510): Unknown permission com.google.android.launcher.permission.READ_SETTINGS in package com.tencent.mtt.x86
W/PackageManager(  510): Unknown permission com.google.android.launcher.permission.WRITE_SETTINGS in package com.tencent.mtt.x86
W/PackageManager(  510): Unknown permission com.htc.launcher.permission.READ_SETTINGS in package com.tencent.mtt.x86
W/PackageManager(  510): Unknown permission com.htc.launcher.permission.WRITE_SETTINGS in package com.tencent.mtt.x86
W/PackageManager(  510): Unknown permission com.nd.android.launcher.permission.READ_SETTINGS in package com.tencent.mtt.x86
W/PackageManager(  510): Unknown permission com.nd.android.launcher.permission.WRITE_SETTINGS in package com.tencent.mtt.x86
W/PackageManager(  510): Unknown permission com.lge.launcher.permission.READ_SETTINGS in package com.tencent.mtt.x86
W/PackageManager(  510): Unknown permission com.lge.launcher.permission.WRITE_SETTINGS in package com.tencent.mtt.x86
W/PackageManager(  510): Unknown permission com.fede.launcher.permission.READ_SETTINGS in package com.tencent.mtt.x86
W/PackageManager(  510): Unknown permission com.fede.launcher.permission.WRITE_SETTINGS in package com.tencent.mtt.x86
W/PackageManager(  510): Unknown permission org.adw.launcher.permission.READ_SETTINGS in package com.tencent.mtt.x86
W/PackageManager(  510): Unknown permission org.adw.launcher.permission.WRITE_SETTINGS in package com.tencent.mtt.x86
W/PackageManager(  510): Unknown permission org.adwfreak.launcher.permission.READ_SETTINGS in package com.tencent.mtt.x86
W/PackageManager(  510): Unknown permission org.adwfreak.launcher.permission.WRITE_SETTINGS in package com.tencent.mtt.x86
W/PackageManager(  510): Unknown permission org.adw.launcher_donut.permission.READ_SETTINGS in package com.tencent.mtt.x86
W/PackageManager(  510): Unknown permission org.adw.launcher_donut.permission.WRITE_SETTINGS in package com.tencent.mtt.x86
W/PackageManager(  510): Unknown permission com.tencent.qqlauncher.permission.READ_SETTINGS in package com.tencent.mtt.x86
W/PackageManager(  510): Unknown permission com.tencent.qqlauncher.permission.WRITE_SETTINGS in package com.tencent.mtt.x86
W/PackageManager(  510): Unknown permission com.android.mylauncher.permission.READ_SETTINGS in package com.tencent.mtt.x86
W/PackageManager(  510): Unknown permission com.android.mylauncher.permission.WRITE_SETTINGS in package com.tencent.mtt.x86
W/PackageManager(  510): Unknown permission com.huawei.launcher2.permission.READ_SETTINGS in package com.tencent.mtt.x86
W/PackageManager(  510): Unknown permission com.huawei.launcher2.permission.WRITE_SETTINGS in package com.tencent.mtt.x86
W/PackageManager(  510): Unknown permission com.huawei.launcher3.permission.READ_SETTINGS in package com.tencent.mtt.x86
W/PackageManager(  510): Unknown permission com.huawei.launcher3.permission.WRITE_SETTINGS in package com.tencent.mtt.x86
W/PackageManager(  510): Unknown permission net.qihoo.launcher.permission.READ_SETTINGS in package com.tencent.mtt.x86
W/PackageManager(  510): Unknown permission net.qihoo.launcher.permission.WRITE_SETTINGS in package com.tencent.mtt.x86
W/PackageManager(  510): Unknown permission com.dianxinos.dxhome.permission.READ_SETTINGS in package com.tencent.mtt.x86
W/PackageManager(  510): Unknown permission com.dianxinos.dxhome.permission.WRITE_SETTINGS in package com.tencent.mtt.x86
W/PackageManager(  510): Unknown permission com.huawei.android.launcher.permission.READ_SETTINGS in package com.tencent.mtt.x86
W/PackageManager(  510): Unknown permission com.huawei.android.launcher.permission.WRITE_SETTINGS in package com.tencent.mtt.x86
W/PackageManager(  510): Unknown permission com.qihoo360.launcher.permission.READ_SETTINGS in package com.tencent.mtt.x86
W/PackageManager(  510): Unknown permission com.qihoo360.launcher.permission.WRITE_SETTINGS in package com.tencent.mtt.x86
W/PackageManager(  510): Unknown permission com.oppo.launcher.permission.READ_SETTINGS in package com.tencent.mtt.x86
W/PackageManager(  510): Unknown permission com.oppo.launcher.permission.WRITE_SETTINGS in package com.tencent.mtt.x86
W/PackageManager(  510): Unknown permission com.ztemt.launcher.permission.READ_SETTINGS in package com.tencent.mtt.x86
W/PackageManager(  510): Unknown permission com.ztemt.launcher.permission.WRITE_SETTINGS in package com.tencent.mtt.x86
W/PackageManager(  510): Unknown permission com.lenovo.launcher.permission.READ_SETTINGS in package com.tencent.mtt.x86
W/PackageManager(  510): Unknown permission com.lenovo.launcher.permission.WRITE_SETTINGS in package com.tencent.mtt.x86
W/PackageManager(  510): Unknown permission com.android.launcher3.permission.READ_SETTINGS in package com.tencent.mtt.x86
W/PackageManager(  510): Unknown permission com.android.launcher3.permission.WRITE_SETTINGS in package com.tencent.mtt.x86
W/PackageManager(  510): Unknown permission com.moxiu.launcher.permission.READ_SETTINGS in package com.tencent.mtt.x86
W/PackageManager(  510): Unknown permission com.moxiu.launcher.permission.WRITE_SETTINGS in package com.tencent.mtt.x86
W/PackageManager(  510): Unknown permission com.iLoong.permission.READ_SETTINGS in package com.tencent.mtt.x86
W/PackageManager(  510): Unknown permission com.iLoong.permission.WRITE_SETTINGS in package com.tencent.mtt.x86
W/PackageManager(  510): Unknown permission telecom.mdesk.permission.READ_SETTINGS in package com.tencent.mtt.x86
W/PackageManager(  510): Unknown permission telecom.mdesk.permission.WRITE_SETTINGS in package com.tencent.mtt.x86
W/PackageManager(  510): Unknown permission com.tencent.tmsecurelite.permission.ACCESS_SERVICE in package com.tencent.mtt.x86
W/PackageManager(  510): Not granting permission android.permission.BIND_ACCESSIBILITY_SERVICE to package com.tencent.mtt.x86 (protectionLevel=2 flags=0x183e44)
W/PackageManager(  510): Unknown permission com.android.ContactWidget.permission.READ_SETTINGS in package com.tencent.mtt.x86
W/PackageManager(  510): Unknown permission com.android.ContactWidget.permission.WRITE_SETTINGS in package com.tencent.mtt.x86
W/PackageManager(  510): Not granting permission android.permission.INTERACT_ACROSS_USERS to package com.tencent.mtt.x86 (protectionLevel=50 flags=0x183e44)
W/PackageManager(  510): Not granting permission android.permission.INTERACT_ACROSS_USERS_FULL to package com.tencent.mtt.x86 (protectionLevel=2 flags=0x183e44)
W/PackageManager(  510): Not granting permission android.permission.MOUNT_UNMOUNT_FILESYSTEMS to package com.tencent.mtt.x86 (protectionLevel=18 flags=0x183e44)
W/PackageManager(  510): Unknown permission com.lenovo.launcher.permission.BADGE_READ in package com.tencent.mtt.x86
W/PackageManager(  510): Unknown permission com.lenovo.launcher.permission.BADGE_WRITE in package com.tencent.mtt.x86
W/PackageManager(  510): Unknown permission com.huawei.android.launcher.permission.CHANGE_BADGE in package com.tencent.mtt.x86
W/PackageManager(  510): Not granting permission android.permission.CHANGE_CONFIGURATION to package com.tencent.wstt.gt (protectionLevel=50 flags=0x2083e44)
W/PackageManager(  510): Not granting permission android.permission.MOUNT_UNMOUNT_FILESYSTEMS to package com.tencent.wstt.gt (protectionLevel=18 flags=0x2083e44)
W/PackageManager(  510): Not granting permission android.permission.BATTERY_STATS to package com.tencent.wstt.gt (protectionLevel=18 flags=0x2083e44)
W/PackageManager(  510): Unknown permission com.android.launcher.permission.READ_SETTINGS in package com.tencent.wstt.gt
W/PackageManager(  510): Unknown permission com.android.launcher.permission.WRITE_SETTINGS in package com.tencent.wstt.gt
W/PackageManager(  510): Not granting permission android.permission.SET_KEYBOARD_LAYOUT to package com.tencent.wstt.gt (protectionLevel=2 flags=0x2083e44)
W/PackageManager(  510): Unknown permission android.permission.WRITE_OWNER_DATA in package com.tencent.wstt.gt
W/PackageManager(  510): Unknown permission android.permission.READ_OWNER_DATA in package com.tencent.wstt.gt
W/PackageManager(  510): Not granting permission android.permission.READ_LOGS to package com.tencent.wstt.gt (protectionLevel=50 flags=0x2083e44)
W/PackageManager(  510): Not granting permission android.permission.ACCESS_CHECKIN_PROPERTIES to package com.tencent.wstt.gt (protectionLevel=18 flags=0x2083e44)
W/PackageManager(  510): Not granting permission android.permission.FACTORY_TEST to package com.tencent.wstt.gt (protectionLevel=2 flags=0x2083e44)
W/PackageManager(  510): Not granting permission android.permission.ACCESS_SURFACE_FLINGER to package com.tencent.wstt.gt (protectionLevel=2 flags=0x2083e44)
D/dalvikvm(  510): GC_CONCURRENT freed 327K, 9% free 4410K/4812K, paused 7ms+7ms, total 31ms
I/InputReader(  510): Device added: id=2, name='mouse', sources=0x00002002
I/InputReader(  510):   Touch device 'seamless mouse' could not query the properties of its associated display.  The device will be inoperable until the display size becomes available.
I/InputReader(  510): Device added: id=1, name='seamless mouse', sources=0x00001002
I/InputReader(  510): Reconfiguring input devices.  changes=0x0000000c
I/InputReader(  510): Device reconfigured: id=1, name='seamless mouse', size 720x1280, orientation 0, mode 1, display id 0
I/InputReader(  510): Device reconfigured: id=3, name='Android Input', size 720x1280, orientation 0, mode 1, display id 0
W/TextServicesManagerService(  510): no available spell checker services found
I/SystemServer(  510): NetworkStats Service
I/SystemServer(  510): NetworkPolicy Service
I/SystemServer(  510): Wi-Fi P2pService
I/ActivityManager(  510): Config changes=78 {1.0 460mcc7mnc zh_CN ldltr sw480dp w480dp h828dp 240dpi lrg long port ?uimode ?night finger qwerty/v/v dpad/v s.4}
I/SystemServer(  510): Wi-Fi Service
I/SystemServer(  510): Connectivity Service
D/ConnectivityService(  510): ConnectivityService starting up
D/ConnectivityService(  510): wifiOnly=false
E/ConnectivityService(  510): Ignoring protectedNetwork 10
E/ConnectivityService(  510): Ignoring protectedNetwork 11
E/ConnectivityService(  510): Ignoring protectedNetwork 12
E/ConnectivityService(  510): Ignoring protectedNetwork 14
E/MobileDataStateTracker(  510): default: Ignoring feature request because could not acquire PhoneService
E/MobileDataStateTracker(  510): default: Could not enable APN type "default"
I/WifiService(  510): WifiService starting up with Wi-Fi enabled
D/WifiService(  510): setWifiEnabled: true pid=510, uid=1000
D/WifiController(  510): WifiController msg { when=-4ms what=155656 target=com.android.internal.util.StateMachine$SmHandler } deferred for 355ms
D/dalvikvm(  510): GC_CONCURRENT freed 299K, 8% free 4512K/4884K, paused 4ms+18ms, total 132ms
I/SystemServer(  510): Network Service Discovery Service
D/NsdService(  510): Network service discovery enabled true
I/SystemServer(  510): UpdateLock Service
I/SystemServer(  510): Notification Manager
I/SystemServer(  510): Device Storage Monitor
I/SystemServer(  510): Location Manager
I/SystemServer(  510): Country Detector
I/SystemServer(  510): Search Service
I/SystemServer(  510): DropBox Service
I/SystemServer(  510): Wallpaper Service
D/WifiController(  510): DEFERRED_TOGGLE handled
I/SystemServer(  510): Audio Service
E/WifiStateMachine(  510): Failed to reload STA firmware java.lang.IllegalArgumentException: command '1 softap fwreload eth1 STA' failed with '501 1 SoftAP command has failed'
D/CommandListener(  160): Setting iface cfg
D/CommandListener(  160): Trying to bring down eth1
E/Netd    (  160): Failed to open /proc/sys/net/ipv6/conf/eth1/use_tempaddr: No such file or directory
E/WifiStateMachine(  510): Unable to change interface settings: java.lang.IllegalStateException: command '4 interface ipv6privacyextensions eth1 enable' failed with '400 4 Failed to set ipv6 privacy extensions (No such file or directory)'
D/WifiMonitor(  510): startMonitoring(eth1) with mConnected = false
I/wpa_supplicant(  569): Successfully initialized wpa_supplicant
I/SystemServer(  510): Dock Observer
W/DockObserver(  510): This kernel does not have dock station support
I/SystemServer(  510): Wired Accessory Manager
W/WiredAccessoryManager(  510): This kernel does not have wired headset support
W/WiredAccessoryManager(  510): This kernel does not have usb audio support
W/WiredAccessoryManager(  510): This kernel does not have HDMI audio support
I/SystemServer(  510): USB Service
I/SystemServer(  510): Serial Service
I/SystemServer(  510): Twilight Service
I/SystemServer(  510): UI Mode Manager Service
I/SystemServer(  510): Backup Service
D/WifiConfigStore(  510): Loading config and enabling all networks
E/WifiConfigStore(  510): configuration found for missing network, ignored
V/BackupManagerService(  510): Initializing package tracking
V/BackupManagerService(  510): No ancestral data
V/BackupManagerService(  510): addPackageParticipantsLocked: all
I/BackupManagerService(  510): Scheduling backup for new app com.android.browser
D/BackupManagerService(  510): Now staging backup of com.android.browser
I/BackupManagerService(  510): Scheduling backup for new app com.android.providers.userdictionary
D/BackupManagerService(  510): Now staging backup of com.android.providers.userdictionary
I/BackupManagerService(  510): Scheduling backup for new app com.android.sharedstoragebackup
D/BackupManagerService(  510): Now staging backup of com.android.sharedstoragebackup
D/dalvikvm(  510): GC_CONCURRENT freed 238K, 7% free 4715K/5028K, paused 3ms+9ms, total 112ms
I/BackupManagerService(  510): Scheduling backup for new app android
D/BackupManagerService(  510): Now staging backup of android
I/BackupManagerService(  510): Scheduling backup for new app com.android.providers.settings
D/BackupManagerService(  510): Now staging backup of com.android.providers.settings
V/BackupManagerService(  510): Starting with transport android/com.android.internal.backup.LocalTransport
V/BackupManagerService(  510): Found transports: 1
I/BackupManagerService(  510): Binding to transport host ComponentInfo{android/com.android.internal.backup.LocalTransportService}
I/BackupManagerService(  510): Found stale backup journal, scheduling
I/BackupManagerService(  510):   com.android.browser
I/BackupManagerService(  510):   com.android.providers.userdictionary
I/BackupManagerService(  510):   com.android.sharedstoragebackup
I/BackupManagerService(  510):   android
I/BackupManagerService(  510):   com.android.providers.settings
I/BackupManagerService(  510): Backup enabled => false
I/BackupManagerService(  510): Opting out of backup
I/SystemServer(  510): AppWidget Service
I/SystemServer(  510): Recognition Service
I/SystemServer(  510): DiskStats Service
I/SystemServer(  510): SamplingProfiler Service
I/SystemServer(  510): NetworkTimeUpdateService
I/SystemServer(  510): CommonTimeManagementService
I/SystemServer(  510): CertBlacklister
I/SystemServer(  510): Dreams Service
I/SystemServer(  510): Assets Atlas Service
D/Atlas   (  510): Loaded configuration: SliceMinArea (768x768) flags=0x2 count=25
I/SystemServer(  510): IdleMaintenanceService
I/SystemServer(  510): Print Service
I/WindowManager(  510): SAFE MODE not enabled
I/SystemServer(  510): Media Router Service
W/WindowManager(  510): updateFocusedWindowLocked, focusedAppToken is null.
I/Zygote  (  510): Process: zygote socket opened
V/KeyguardServiceDelegate(  510): *** Keyguard started
V/KeyguardServiceDelegate(  510): onSystemReady() called before keyguard service was ready
I/ActivityManager(  510): Start proc com.android.systemui for service com.android.keyguard/.KeyguardService: pid=578 uid=10006 gids={50006, 1028, 1015, 1023, 1035, 3002, 3001}
I/Pointer (  510): Device Enumerated: Input Device -1: Virtual
I/Pointer (  510):   Descriptor: a718a782d34bc767f4689c232d64d527998ea7fd
I/Pointer (  510):   Generation: 2
I/Pointer (  510):   Location: built-in
I/Pointer (  510):   Keyboard Type: alphabetic
I/Pointer (  510):   Has Vibrator: false
I/Pointer (  510):   Sources: 0x301 ( keyboard dpad )
I/Pointer (  510): Device Enumerated: Input Device 1: seamless mouse
I/Pointer (  510):   Descriptor: e2af2aee625c3b6e5e9b6244f78a3667ab1b5c9e
I/Pointer (  510):   Generation: 19
I/Pointer (  510):   Location: built-in
I/Pointer (  510):   Keyboard Type: none
I/Pointer (  510):   Has Vibrator: false
I/Pointer (  510):   Sources: 0x1002 ( touchscreen )
I/Pointer (  510):     AXIS_X: source=0x1002 min=0.0 max=719.0 flat=0.0 fuzz=0.0 resolution=0.0
I/Pointer (  510):     AXIS_Y: source=0x1002 min=0.0 max=1279.0 flat=0.0 fuzz=0.0 resolution=0.0
I/Pointer (  510):     AXIS_PRESSURE: source=0x1002 min=0.0 max=1.0 flat=0.0 fuzz=0.0 resolution=0.0
I/Pointer (  510): Device Enumerated: Input Device 2: mouse
I/Pointer (  510):   Descriptor: e2af2aee625c3b6e5e9b6244f78a3667ab1b5c9e
I/Pointer (  510):   Generation: 20
I/Pointer (  510):   Location: built-in
I/Pointer (  510):   Keyboard Type: none
I/Pointer (  510):   Has Vibrator: false
I/Pointer (  510):   Sources: 0x2002 ( mouse )
I/Pointer (  510):     AXIS_X: source=0x2002 min=0.0 max=719.0 flat=0.0 fuzz=0.0 resolution=0.0
I/Pointer (  510):     AXIS_Y: source=0x2002 min=0.0 max=1279.0 flat=0.0 fuzz=0.0 resolution=0.0
I/Pointer (  510):     AXIS_PRESSURE: source=0x2002 min=0.0 max=1.0 flat=0.0 fuzz=0.0 resolution=0.0
I/Pointer (  510):     AXIS_VSCROLL: source=0x2002 min=-1.0 max=1.0 flat=0.0 fuzz=0.0 resolution=0.0
I/Pointer (  510):     AXIS_HSCROLL: source=0x2002 min=-1.0 max=1.0 flat=0.0 fuzz=0.0 resolution=0.0
I/Pointer (  510): Device Enumerated: Input Device 3: Android Input
I/Pointer (  510):   Descriptor: e2af2aee625c3b6e5e9b6244f78a3667ab1b5c9e
I/Pointer (  510):   Generation: 21
I/Pointer (  510):   Location: built-in
I/Pointer (  510):   Keyboard Type: alphabetic
I/Pointer (  510):   Has Vibrator: false
I/Pointer (  510):   Sources: 0x1303 ( keyboard dpad touchscreen )
I/Pointer (  510):     AXIS_X: source=0x1002 min=0.0 max=719.0 flat=0.0 fuzz=0.0 resolution=0.0
I/Pointer (  510):     AXIS_Y: source=0x1002 min=0.0 max=1279.0 flat=0.0 fuzz=0.0 resolution=0.0
I/Pointer (  510):     AXIS_PRESSURE: source=0x1002 min=0.0 max=1.0 flat=0.0 fuzz=0.0 resolution=0.0
I/Pointer (  510):     AXIS_VSCROLL: source=0x1002 min=-1.0 max=1.0 flat=0.0 fuzz=0.0 resolution=0.0
I/Pointer (  510):     AXIS_HSCROLL: source=0x1002 min=-1.0 max=1.0 flat=0.0 fuzz=0.0 resolution=0.0
I/Pointer (  510): Device Enumerated: Input Device 4: gpio-keys
I/Pointer (  510):   Descriptor: 1eb98f98e03f04fcf9a272ad746977df7fa39cce
I/Pointer (  510):   Generation: 10
I/Pointer (  510):   Location: built-in
I/Pointer (  510):   Keyboard Type: non-alphabetic
I/Pointer (  510):   Has Vibrator: false
I/Pointer (  510):   Sources: 0x80000101 ( keyboard )
I/Pointer (  510): Device Enumerated: Input Device 5: Sleep Button
I/Pointer (  510):   Descriptor: 954faadc99bb5a7c1d0537b923e0490c90b47e98
I/Pointer (  510):   Generation: 8
I/Pointer (  510):   Location: built-in
I/Pointer (  510):   Keyboard Type: non-alphabetic
I/Pointer (  510):   Has Vibrator: false
I/Pointer (  510):   Sources: 0x101 ( keyboard )
I/Pointer (  510): Device Enumerated: Input Device 6: Power Button
I/Pointer (  510):   Descriptor: 26d13db3fa0f6bd5d05831266fb01ea6c500b88c
I/Pointer (  510):   Generation: 6
I/Pointer (  510):   Location: built-in
I/Pointer (  510):   Keyboard Type: non-alphabetic
I/Pointer (  510):   Has Vibrator: false
I/Pointer (  510):   Sources: 0x101 ( keyboard )
I/Pointer (  510): Device Enumerated: Input Device 7: AT Translated Set 2 keyboard
I/Pointer (  510):   Descriptor: 485d69228e24f5e46da1598745890b214130dbc4
I/Pointer (  510):   Generation: 4
I/Pointer (  510):   Location: built-in
I/Pointer (  510):   Keyboard Type: alphabetic
I/Pointer (  510):   Has Vibrator: false
I/Pointer (  510):   Sources: 0x101 ( keyboard )
W/libsuspend(  510): Error writing 'on' to /sys/power/state: Invalid argument
E/libsuspend(  510): Error opening /sys/power/autosleep: No such file or directory
E/libsuspend(  510): Error opening /sys/power/wakeup_count: Permission denied
E/libsuspend(  510): failed to initialize autosuspend
I/dalvikvm(  510): ignoring registerObject request in thread=1
I/dalvikvm(  510): ignoring registerObject request in thread=1
I/AppOps  (  510): Pruning old package root/0: new uid=-1
I/AppOps  (  510): Pruning old package media/1013: new uid=-1
I/ActivityManager(  510): System now ready
I/dalvikvm(  578): ignoring registerObject request in thread=1
I/dalvikvm(  578): ignoring registerObject request in thread=1
I/wpa_supplicant(  569): eth1: Trying to associate with 01:80:c2:00:00:03 (SSID='WiredSSID' freq=2412 MHz)
I/wpa_supplicant(  569): eth1: No network configuration found for the current AP
I/wpa_supplicant(  569): eth1: CTRL-EVENT-DISCONNECTED bssid=01:80:c2:00:00:03 reason=3 locally_generated=1
I/wpa_supplicant(  569): eth1: Associate with key management = 0 - comparing with WPA_NONE 16
I/wpa_supplicant(  569): eth1: Auth timeout 'coz 802.11, assoc_failed=0 ssid->mode=0
I/wpa_supplicant(  569): eth1: Setting authentication timeout: 10 sec 0 usec
D/        (  510): HostConnection::get() New Host Connection established 0xb975d980, tid 577
I/SystemServer(  510): Making services ready
D/NetworkManagementService(  510): enabling bandwidth control
W/MountService(  510): Duplicate state transition (mounted -> mounted) for /storage/emulated/0
D/libEGL  (  510): loaded /system/lib/egl/libEGL_adreno.so
D/dalvikvm(  510): GC_CONCURRENT freed 254K, 7% free 4849K/5180K, paused 3ms+26ms, total 104ms
V/KeyguardService(  578): onCreate()
D/SystemUIService(  578): loading: class com.android.systemui.recent.Recents
D/SystemUIService(  578): running: com.android.systemui.recent.Recents@4a76ef1c
D/SystemUIService(  578): loading: class com.android.systemui.statusbar.SystemBars
D/SystemUIService(  578): running: com.android.systemui.statusbar.SystemBars@4a76f1ec
D/SystemUIService(  578): loading: class com.android.systemui.usb.StorageNotification
D/SystemUIService(  578): running: com.android.systemui.usb.StorageNotification@4a77017c
D/        (  510): HostConnection::get() New Host Connection established 0xb9790530, tid 528
D/libEGL  (  510): loaded /system/lib/egl/libGLESv1_CM_adreno.so
D/libEGL  (  510): loaded /system/lib/egl/libGLESv2_adreno.so
D/SystemUIService(  578): loading: class com.android.systemui.power.PowerUI
D/SystemUIService(  578): running: com.android.systemui.power.PowerUI@4a770c58
D/SystemUIService(  578): loading: class com.android.systemui.media.RingtonePlayer
D/SystemUIService(  578): running: com.android.systemui.media.RingtonePlayer@4a7713f4
D/SystemUIService(  578): loading: class com.android.systemui.settings.SettingsUI
D/SystemUIService(  578): running: com.android.systemui.settings.SettingsUI@4a771d28
I/StatusBarManagerService(  510): registerStatusBar bar=com.android.internal.statusbar.IStatusBar$Stub$Proxy@4a816810
D/PhoneStatusBar(  578): mSettingsPanelGravity = 55
I/wpa_supplicant(  569): eth1: Trying to associate with 01:80:c2:00:00:03 (SSID='WiredSSID' freq=2412 MHz)
I/wpa_supplicant(  569): eth1: Associated with 01:80:c2:00:00:03
I/wpa_supplicant(  569): eth1: Cancelling authentication timeout
I/wpa_supplicant(  569): eth1: CTRL-EVENT-CONNECTED - Connection to 01:80:c2:00:00:03 completed (auth) [id=0 id_str=]
I/wpa_supplicant(  569): eth1: Associate with key management = 4 - comparing with WPA_NONE 16
I/wpa_supplicant(  569): eth1: Auth timeout 'coz 802.11, assoc_failed=0 ssid->mode=0
I/wpa_supplicant(  569): eth1: Setting authentication timeout: 10 sec 0 usec
E/WifiStateMachine(  510): Failed to set frequency band 0
E/WifiStateMachine(  510): Unexpected BatchedScanResults :null
W/WindowManager(  510): Window freeze timeout expired.
W/WindowManager(  510): Force clearing orientation change: Window{4a838bd4 u0 PointerLocation}
E/NetdConnector(  510): NDC Command {5 bandwidth enable} took too long (1396ms)
E/WVMExtractor(  167): Failed to open libwvm.so
E/cutils-trace(  167): Error opening trace file: No such file or directory (2)
D/dalvikvm(  578): JIT code cache reset in 0 ms (0 bytes 1/0)
D/dalvikvm(  578): GC_CONCURRENT freed 144K, 7% free 3146K/3356K, paused 173ms+2ms, total 318ms
D/dalvikvm(  578): WAIT_FOR_CONCURRENT_GC blocked 90ms
I/dalvikvm-heap(  578): Grow heap (frag case) to 3.740MB for 635808-byte allocation
D/dalvikvm(  578): GC_CONCURRENT freed 4K, 6% free 3763K/3980K, paused 68ms+2ms, total 102ms
I/iptables(  160): iptables: No chain/target/match by that name.
I/iptables(  160): iptables terminated by exit(1)
E/BandwidthController(  160): runIptablesCmd(): res=1 status=256 failed /system/bin/iptables -I bw_INPUT -m quota2 ! --quota 2097152 --name globalAlert
I/ip6tables(  160): ip6tables: No chain/target/match by that name.
I/ip6tables(  160): ip6tables terminated by exit(1)
E/BandwidthController(  160): runIptablesCmd(): res=1 status=256 failed /system/bin/ip6tables -I bw_INPUT -m quota2 ! --quota 2097152 --name globalAlert
E/EGL_emulation(  510): egl: destroying current context refused
I/iptables(  160): iptables: No chain/target/match by that name.
I/iptables(  160): iptables terminated by exit(1)
E/BandwidthController(  160): runIptablesCmd(): res=1 status=256 failed /system/bin/iptables -I bw_OUTPUT -m quota2 ! --quota 2097152 --name globalAlert
I/ip6tables(  160): ip6tables: No chain/target/match by that name.
I/ip6tables(  160): ip6tables terminated by exit(1)
E/BandwidthController(  160): runIptablesCmd(): res=1 status=256 failed /system/bin/ip6tables -I bw_OUTPUT -m quota2 ! --quota 2097152 --name globalAlert
W/NetworkStats(  510): problem registering for global alert: java.lang.IllegalStateException: command '8 bandwidth setglobalalert 2097152' failed with '400 8 Bandwidth command failed'
W/BroadcastQueue(  510): Permission Denial: broadcasting Intent { act=android.net.wifi.STATE_CHANGE flg=0x4000010 (has extras) } from null (pid=-1, uid=-1) requires android.permission.CONNECTIVITY_INTERNAL due to registered receiver BroadcastFilter{4a87ceb0 u0 ReceiverList{4a87ce80 510 system/1000/u0 local:4a87cd80}}
I/ActivityManager(  510): Config changes=200 {1.0 460mcc7mnc zh_CN ldltr sw480dp w480dp h828dp 240dpi lrg long port finger qwerty/v/v dpad/v s.5}
D/Atlas   (  510): Rendered atlas in 2509.45ms (56.44+2453.02ms)
W/RecognitionManagerService(  510): no available voice recognition services found for user 0
D/BluetoothManagerService(  510): Message: 20
D/BluetoothAdapter(  578): 1249292868: getState() :  mService = null. Returning STATE_OFF
D/BluetoothAdapter(  578): 1249292868: getState() :  mService = null. Returning STATE_OFF
D/BluetoothManagerService(  510): Added callback: android.bluetooth.IBluetoothManagerCallback$Stub$Proxy@4a881554:true
W/InputMethodManagerService(  510): Ignoring setImeWindowStatus of uid 1000 token: null
D/WifiStateMachine(  510): VerifyingLinkState enter
I/ActivityManager(  510): Start proc com.example.android.softkeyboard for service com.example.android.softkeyboard/.SoftKeyboard: pid=694 uid=10025 gids={50025}
V/InputMethodManagerService(  510): Adding window token: android.os.Binder@4a88e798
D/dalvikvm(  510): GC_CONCURRENT freed 303K, 8% free 4993K/5380K, paused 8ms+17ms, total 280ms
D/        (  164): HostConnection::get() New Host Connection established 0xb85959e0, tid 416
W/ServiceWatcher(  510): com.google.android.gms not found
W/ServiceWatcher(  510): com.google.android.gms not found
W/ServiceWatcher(  510): com.google.android.gms not found
W/LocationManagerService(  510): no network location provider found
W/ServiceWatcher(  510): com.google.android.gms not found
E/FlpHardwareProvider(  510): Error hw_get_module 'flp': -2
W/ServiceWatcher(  510): com.google.android.gms not found
E/FlpHardwareProvider(  510): Error hw_get_module 'flp': -2
W/ServiceWatcher(  510): com.google.android.gms not found
E/LocationManagerService(  510): no geocoder provider found
E/LocationManagerService(  510): No FusedProvider found.
E/LocationManagerService(  510): no geofence provider found
D/BluetoothAdapter(  578): 1249292868: getState() :  mService = null. Returning STATE_OFF
E/GpsLocationProvider(  510): no AGPS interface in set_agps_server
I/ActivityManager(  510): Start proc com.android.settings for broadcast com.android.settings/.widget.SettingsAppWidgetProvider: pid=708 uid=1000 gids={41000, 3003, 1028, 1015, 1023, 1007, 3002, 3001}
I/CommonTimeManagementService(  510): No common time service detected on this platform.  Common time services will be unavailable.
I/dalvikvm(  694): ignoring registerObject request in thread=1
I/dalvikvm(  694): ignoring registerObject request in thread=1
D/dalvikvm(  578): GC_CONCURRENT freed 194K, 7% free 3971K/4228K, paused 3ms+1ms, total 198ms
I/InputReader(  510): Reconfiguring input devices.  changes=0x00000020
I/dalvikvm(  708): ignoring registerObject request in thread=1
I/dalvikvm(  708): ignoring registerObject request in thread=1
I/InputReader(  510): Reconfiguring input devices.  changes=0x00000010
I/ActivityManager(  510): Start proc com.android.phone for added application com.android.phone: pid=721 uid=1001 gids={41001, 3002, 3001, 3003, 1028, 1015, 1023}
I/ActivityManager(  510): START u0 {act=android.intent.action.MAIN cat=[android.intent.category.HOME] flg=0x10000000 cmp=com.vphone.launcher/.Launcher} from pid 0
I/ActivityManager(  510): Start proc com.vphone.launcher for activity com.vphone.launcher/.Launcher: pid=734 uid=1000 gids={41000, 3003, 1028, 1015, 1023, 1007, 3002, 3001}
I/Choreographer(  510): Skipped 256 frames!  The application may be doing too much work on its main thread.
W/ActivityManager(  510): Unable to start service Intent { cmp=com.android.printspooler/.PrintSpoolerService } U=0: not found
V/KeyguardServiceDelegate(  510): *** Keyguard connected (yay!)
W/InputMethodManagerService(  510): Focus gain on non-focused client android.view.inputmethod.InputMethodManager$1@4a80caa0 (uid=1000 pid=510)
I/dalvikvm(  721): ignoring registerObject request in thread=1
I/dalvikvm(  721): ignoring registerObject request in thread=1
D/WifiStateMachine(  510): VerifyingLinkState GOOD_LINK_DETECTED: transition to captive portal check
D/WifiStateMachine(  510): CaptivePortalCheckState enter
I/dalvikvm(  734): ignoring registerObject request in thread=1
I/dalvikvm(  734): ignoring registerObject request in thread=1
I/ActivityManager(  510): Start proc android.process.acore for content provider com.android.providers.contacts/.ContactsProvider2: pid=751 uid=10002 gids={50002, 3003, 1028, 1015, 1023}
V/BackupManagerService(  510): Connected to transport ComponentInfo{android/com.android.internal.backup.LocalTransportService}
V/BackupManagerService(  510): Registering transport android/com.android.internal.backup.LocalTransportService::android/com.android.internal.backup.LocalTransport = com.android.internal.backup.LocalTransport@4a872e74
D/PhoneStatusBar(  578): disable: < expand icons alerts ticker system_info back home recent clock search >
D/BluetoothManagerService(  510): Message: 300
D/BluetoothManagerService(  510): MESSAGE_USER_SWITCHED
I/dalvikvm(  751): ignoring registerObject request in thread=1
I/dalvikvm(  751): ignoring registerObject request in thread=1
D/BluetoothManagerService(  510): Message: 20
D/BluetoothManagerService(  510): Added callback: android.bluetooth.IBluetoothManagerCallback$Stub$Proxy@4a8a5fdc:true
D/BluetoothAdapter(  708): 1249294180: getState() :  mService = null. Returning STATE_OFF
D/BluetoothManagerService(  510): Message: 30
E/BluetoothInputDevice(  708): Could not bind to Bluetooth HID Service with Intent { act=android.bluetooth.IBluetoothInputDevice }
D/BluetoothManagerService(  510): Message: 30
E/BluetoothPan(  708): Could not bind to Bluetooth Pan Service with Intent { act=android.bluetooth.IBluetoothPan }
D/BluetoothAdapter(  578): 1249292868: getState() :  mService = null. Returning STATE_OFF
D/BluetoothAdapter(  578): 1249292868: getState() :  mService = null. Returning STATE_OFF
D/LocalBluetoothProfileManager(  708): Adding local MAP profile
D/BluetoothMap(  708): Create BluetoothMap proxy object
